------------------------------------------------------------
Timing Analyzer Summary
------------------------------------------------------------

Type  : Slow 1100mV 85C Model Setup 'u0|pll_sys|altera_pll_i|general[0].gpll~PLL_OUTPUT_COUNTER|divclk'
Slack : 0.002
TNS   : 0.000

Type  : Slow 1100mV 85C Model Setup 'u0|pll_sys|altera_pll_i|general[1].gpll~PLL_OUTPUT_COUNTER|divclk'
Slack : 0.497
TNS   : 0.000

Type  : Slow 1100mV 85C Model Setup 'altera_reserved_tck'
Slack : 9.566
TNS   : 0.000

Type  : Slow 1100mV 85C Model Hold 'altera_reserved_tck'
Slack : 0.160
TNS   : 0.000

Type  : Slow 1100mV 85C Model Hold 'u0|pll_sys|altera_pll_i|general[0].gpll~PLL_OUTPUT_COUNTER|divclk'
Slack : 0.247
TNS   : 0.000

Type  : Slow 1100mV 85C Model Hold 'u0|pll_sys|altera_pll_i|general[1].gpll~PLL_OUTPUT_COUNTER|divclk'
Slack : 0.411
TNS   : 0.000

Type  : Slow 1100mV 85C Model Recovery 'u0|pll_sys|altera_pll_i|general[0].gpll~PLL_OUTPUT_COUNTER|divclk'
Slack : -2.290
TNS   : -272.650

Type  : Slow 1100mV 85C Model Recovery 'u0|pll_sys|altera_pll_i|general[1].gpll~PLL_OUTPUT_COUNTER|divclk'
Slack : 0.549
TNS   : 0.000

Type  : Slow 1100mV 85C Model Recovery 'altera_reserved_tck'
Slack : 17.310
TNS   : 0.000

Type  : Slow 1100mV 85C Model Removal 'u0|pll_sys|altera_pll_i|general[0].gpll~PLL_OUTPUT_COUNTER|divclk'
Slack : 0.475
TNS   : 0.000

Type  : Slow 1100mV 85C Model Removal 'altera_reserved_tck'
Slack : 1.011
TNS   : 0.000

Type  : Slow 1100mV 85C Model Removal 'u0|pll_sys|altera_pll_i|general[1].gpll~PLL_OUTPUT_COUNTER|divclk'
Slack : 1.266
TNS   : 0.000

Type  : Slow 1100mV 85C Model Minimum Pulse Width 'u0|pll_sys|altera_pll_i|general[0].gpll~FRACTIONAL_PLL|vcoph[0]'
Slack : 1.250
TNS   : 0.000

Type  : Slow 1100mV 85C Model Minimum Pulse Width 'u0|pll_sys|altera_pll_i|general[0].gpll~PLL_OUTPUT_COUNTER|divclk'
Slack : 3.580
TNS   : 0.000

Type  : Slow 1100mV 85C Model Minimum Pulse Width 'FPGA_CLK1_50'
Slack : 9.731
TNS   : 0.000

Type  : Slow 1100mV 85C Model Minimum Pulse Width 'u0|pll_sys|altera_pll_i|general[1].gpll~PLL_OUTPUT_COUNTER|divclk'
Slack : 11.083
TNS   : 0.000

Type  : Slow 1100mV 85C Model Minimum Pulse Width 'altera_reserved_tck'
Slack : 18.778
TNS   : 0.000

Type  : Slow 1100mV 0C Model Setup 'u0|pll_sys|altera_pll_i|general[0].gpll~PLL_OUTPUT_COUNTER|divclk'
Slack : -0.160
TNS   : -0.233

Type  : Slow 1100mV 0C Model Setup 'u0|pll_sys|altera_pll_i|general[1].gpll~PLL_OUTPUT_COUNTER|divclk'
Slack : 0.566
TNS   : 0.000

Type  : Slow 1100mV 0C Model Setup 'altera_reserved_tck'
Slack : 9.638
TNS   : 0.000

Type  : Slow 1100mV 0C Model Hold 'altera_reserved_tck'
Slack : 0.142
TNS   : 0.000

Type  : Slow 1100mV 0C Model Hold 'u0|pll_sys|altera_pll_i|general[0].gpll~PLL_OUTPUT_COUNTER|divclk'
Slack : 0.241
TNS   : 0.000

Type  : Slow 1100mV 0C Model Hold 'u0|pll_sys|altera_pll_i|general[1].gpll~PLL_OUTPUT_COUNTER|divclk'
Slack : 0.419
TNS   : 0.000

Type  : Slow 1100mV 0C Model Recovery 'u0|pll_sys|altera_pll_i|general[0].gpll~PLL_OUTPUT_COUNTER|divclk'
Slack : -2.296
TNS   : -273.253

Type  : Slow 1100mV 0C Model Recovery 'u0|pll_sys|altera_pll_i|general[1].gpll~PLL_OUTPUT_COUNTER|divclk'
Slack : 0.676
TNS   : 0.000

Type  : Slow 1100mV 0C Model Recovery 'altera_reserved_tck'
Slack : 17.518
TNS   : 0.000

Type  : Slow 1100mV 0C Model Removal 'u0|pll_sys|altera_pll_i|general[0].gpll~PLL_OUTPUT_COUNTER|divclk'
Slack : 0.352
TNS   : 0.000

Type  : Slow 1100mV 0C Model Removal 'altera_reserved_tck'
Slack : 0.912
TNS   : 0.000

Type  : Slow 1100mV 0C Model Removal 'u0|pll_sys|altera_pll_i|general[1].gpll~PLL_OUTPUT_COUNTER|divclk'
Slack : 1.229
TNS   : 0.000

Type  : Slow 1100mV 0C Model Minimum Pulse Width 'u0|pll_sys|altera_pll_i|general[0].gpll~FRACTIONAL_PLL|vcoph[0]'
Slack : 1.250
TNS   : 0.000

Type  : Slow 1100mV 0C Model Minimum Pulse Width 'u0|pll_sys|altera_pll_i|general[0].gpll~PLL_OUTPUT_COUNTER|divclk'
Slack : 3.551
TNS   : 0.000

Type  : Slow 1100mV 0C Model Minimum Pulse Width 'FPGA_CLK1_50'
Slack : 9.741
TNS   : 0.000

Type  : Slow 1100mV 0C Model Minimum Pulse Width 'u0|pll_sys|altera_pll_i|general[1].gpll~PLL_OUTPUT_COUNTER|divclk'
Slack : 11.065
TNS   : 0.000

Type  : Slow 1100mV 0C Model Minimum Pulse Width 'altera_reserved_tck'
Slack : 18.762
TNS   : 0.000

Type  : Fast 1100mV 85C Model Setup 'u0|pll_sys|altera_pll_i|general[0].gpll~PLL_OUTPUT_COUNTER|divclk'
Slack : 2.240
TNS   : 0.000

Type  : Fast 1100mV 85C Model Setup 'u0|pll_sys|altera_pll_i|general[1].gpll~PLL_OUTPUT_COUNTER|divclk'
Slack : 2.601
TNS   : 0.000

Type  : Fast 1100mV 85C Model Setup 'altera_reserved_tck'
Slack : 12.377
TNS   : 0.000

Type  : Fast 1100mV 85C Model Hold 'altera_reserved_tck'
Slack : 0.036
TNS   : 0.000

Type  : Fast 1100mV 85C Model Hold 'u0|pll_sys|altera_pll_i|general[0].gpll~PLL_OUTPUT_COUNTER|divclk'
Slack : 0.128
TNS   : 0.000

Type  : Fast 1100mV 85C Model Hold 'u0|pll_sys|altera_pll_i|general[1].gpll~PLL_OUTPUT_COUNTER|divclk'
Slack : 0.180
TNS   : 0.000

Type  : Fast 1100mV 85C Model Recovery 'u0|pll_sys|altera_pll_i|general[0].gpll~PLL_OUTPUT_COUNTER|divclk'
Slack : 1.612
TNS   : 0.000

Type  : Fast 1100mV 85C Model Recovery 'u0|pll_sys|altera_pll_i|general[1].gpll~PLL_OUTPUT_COUNTER|divclk'
Slack : 2.672
TNS   : 0.000

Type  : Fast 1100mV 85C Model Recovery 'altera_reserved_tck'
Slack : 18.969
TNS   : 0.000

Type  : Fast 1100mV 85C Model Removal 'u0|pll_sys|altera_pll_i|general[0].gpll~PLL_OUTPUT_COUNTER|divclk'
Slack : 0.226
TNS   : 0.000

Type  : Fast 1100mV 85C Model Removal 'altera_reserved_tck'
Slack : 0.382
TNS   : 0.000

Type  : Fast 1100mV 85C Model Removal 'u0|pll_sys|altera_pll_i|general[1].gpll~PLL_OUTPUT_COUNTER|divclk'
Slack : 0.572
TNS   : 0.000

Type  : Fast 1100mV 85C Model Minimum Pulse Width 'u0|pll_sys|altera_pll_i|general[0].gpll~FRACTIONAL_PLL|vcoph[0]'
Slack : 1.250
TNS   : 0.000

Type  : Fast 1100mV 85C Model Minimum Pulse Width 'u0|pll_sys|altera_pll_i|general[0].gpll~PLL_OUTPUT_COUNTER|divclk'
Slack : 3.890
TNS   : 0.000

Type  : Fast 1100mV 85C Model Minimum Pulse Width 'FPGA_CLK1_50'
Slack : 9.336
TNS   : 0.000

Type  : Fast 1100mV 85C Model Minimum Pulse Width 'u0|pll_sys|altera_pll_i|general[1].gpll~PLL_OUTPUT_COUNTER|divclk'
Slack : 11.390
TNS   : 0.000

Type  : Fast 1100mV 85C Model Minimum Pulse Width 'altera_reserved_tck'
Slack : 18.721
TNS   : 0.000

Type  : Fast 1100mV 0C Model Setup 'u0|pll_sys|altera_pll_i|general[0].gpll~PLL_OUTPUT_COUNTER|divclk'
Slack : 2.544
TNS   : 0.000

Type  : Fast 1100mV 0C Model Setup 'u0|pll_sys|altera_pll_i|general[1].gpll~PLL_OUTPUT_COUNTER|divclk'
Slack : 2.816
TNS   : 0.000

Type  : Fast 1100mV 0C Model Setup 'altera_reserved_tck'
Slack : 12.555
TNS   : 0.000

Type  : Fast 1100mV 0C Model Hold 'altera_reserved_tck'
Slack : 0.019
TNS   : 0.000

Type  : Fast 1100mV 0C Model Hold 'u0|pll_sys|altera_pll_i|general[0].gpll~PLL_OUTPUT_COUNTER|divclk'
Slack : 0.119
TNS   : 0.000

Type  : Fast 1100mV 0C Model Hold 'u0|pll_sys|altera_pll_i|general[1].gpll~PLL_OUTPUT_COUNTER|divclk'
Slack : 0.170
TNS   : 0.000

Type  : Fast 1100mV 0C Model Recovery 'u0|pll_sys|altera_pll_i|general[0].gpll~PLL_OUTPUT_COUNTER|divclk'
Slack : 1.693
TNS   : 0.000

Type  : Fast 1100mV 0C Model Recovery 'u0|pll_sys|altera_pll_i|general[1].gpll~PLL_OUTPUT_COUNTER|divclk'
Slack : 2.890
TNS   : 0.000

Type  : Fast 1100mV 0C Model Recovery 'altera_reserved_tck'
Slack : 19.202
TNS   : 0.000

Type  : Fast 1100mV 0C Model Removal 'u0|pll_sys|altera_pll_i|general[0].gpll~PLL_OUTPUT_COUNTER|divclk'
Slack : 0.153
TNS   : 0.000

Type  : Fast 1100mV 0C Model Removal 'altera_reserved_tck'
Slack : 0.336
TNS   : 0.000

Type  : Fast 1100mV 0C Model Removal 'u0|pll_sys|altera_pll_i|general[1].gpll~PLL_OUTPUT_COUNTER|divclk'
Slack : 0.494
TNS   : 0.000

Type  : Fast 1100mV 0C Model Minimum Pulse Width 'u0|pll_sys|altera_pll_i|general[0].gpll~FRACTIONAL_PLL|vcoph[0]'
Slack : 1.250
TNS   : 0.000

Type  : Fast 1100mV 0C Model Minimum Pulse Width 'u0|pll_sys|altera_pll_i|general[0].gpll~PLL_OUTPUT_COUNTER|divclk'
Slack : 3.888
TNS   : 0.000

Type  : Fast 1100mV 0C Model Minimum Pulse Width 'FPGA_CLK1_50'
Slack : 9.286
TNS   : 0.000

Type  : Fast 1100mV 0C Model Minimum Pulse Width 'u0|pll_sys|altera_pll_i|general[1].gpll~PLL_OUTPUT_COUNTER|divclk'
Slack : 11.389
TNS   : 0.000

Type  : Fast 1100mV 0C Model Minimum Pulse Width 'altera_reserved_tck'
Slack : 18.725
TNS   : 0.000

------------------------------------------------------------
