Archive member included to satisfy reference by file (symbol)

d:/quartus18.1/nios2eds/bin/gnu/h-x86_64-mingw32/bin/../lib/gcc/nios2-elf/5.3.0/../../../../../H-x86_64-mingw32/nios2-elf/lib\libm.a(lib_a-s_ceil.o)
                              obj/default/test_valid.o (ceil)
d:/quartus18.1/nios2eds/bin/gnu/h-x86_64-mingw32/bin/../lib/gcc/nios2-elf/5.3.0/../../../../../H-x86_64-mingw32/nios2-elf/lib\libm.a(lib_a-s_round.o)
                              obj/default/test_valid.o (round)
d:/quartus18.1/nios2eds/bin/gnu/h-x86_64-mingw32/bin/../lib/gcc/nios2-elf/5.3.0/../../../../../H-x86_64-mingw32/nios2-elf/lib\libm.a(lib_a-sf_round.o)
                              obj/default/test_valid.o (roundf)
d:/quartus18.1/nios2eds/bin/gnu/h-x86_64-mingw32/bin/../lib/gcc/nios2-elf/5.3.0/../../../../../H-x86_64-mingw32/nios2-elf/lib\libm.a(lib_a-w_fmod.o)
                              obj/default/test_valid.o (fmod)
d:/quartus18.1/nios2eds/bin/gnu/h-x86_64-mingw32/bin/../lib/gcc/nios2-elf/5.3.0/../../../../../H-x86_64-mingw32/nios2-elf/lib\libm.a(lib_a-w_log.o)
                              obj/default/test_valid.o (log)
d:/quartus18.1/nios2eds/bin/gnu/h-x86_64-mingw32/bin/../lib/gcc/nios2-elf/5.3.0/../../../../../H-x86_64-mingw32/nios2-elf/lib\libm.a(lib_a-e_fmod.o)
                              d:/quartus18.1/nios2eds/bin/gnu/h-x86_64-mingw32/bin/../lib/gcc/nios2-elf/5.3.0/../../../../../H-x86_64-mingw32/nios2-elf/lib\libm.a(lib_a-w_fmod.o) (__ieee754_fmod)
d:/quartus18.1/nios2eds/bin/gnu/h-x86_64-mingw32/bin/../lib/gcc/nios2-elf/5.3.0/../../../../../H-x86_64-mingw32/nios2-elf/lib\libm.a(lib_a-e_log.o)
                              d:/quartus18.1/nios2eds/bin/gnu/h-x86_64-mingw32/bin/../lib/gcc/nios2-elf/5.3.0/../../../../../H-x86_64-mingw32/nios2-elf/lib\libm.a(lib_a-w_log.o) (__ieee754_log)
d:/quartus18.1/nios2eds/bin/gnu/h-x86_64-mingw32/bin/../lib/gcc/nios2-elf/5.3.0/../../../../../H-x86_64-mingw32/nios2-elf/lib\libm.a(lib_a-s_fpclassify.o)
                              d:/quartus18.1/nios2eds/bin/gnu/h-x86_64-mingw32/bin/../lib/gcc/nios2-elf/5.3.0/../../../../../H-x86_64-mingw32/nios2-elf/lib\libm.a(lib_a-w_fmod.o) (__fpclassifyd)
d:/quartus18.1/nios2eds/bin/gnu/h-x86_64-mingw32/bin/../lib/gcc/nios2-elf/5.3.0/../../../../../H-x86_64-mingw32/nios2-elf/lib\libm.a(lib_a-s_lib_ver.o)
                              d:/quartus18.1/nios2eds/bin/gnu/h-x86_64-mingw32/bin/../lib/gcc/nios2-elf/5.3.0/../../../../../H-x86_64-mingw32/nios2-elf/lib\libm.a(lib_a-w_fmod.o) (__fdlib_version)
d:/quartus18.1/nios2eds/bin/gnu/h-x86_64-mingw32/bin/../lib/gcc/nios2-elf/5.3.0/../../../../../H-x86_64-mingw32/nios2-elf/lib\libm.a(lib_a-s_matherr.o)
                              d:/quartus18.1/nios2eds/bin/gnu/h-x86_64-mingw32/bin/../lib/gcc/nios2-elf/5.3.0/../../../../../H-x86_64-mingw32/nios2-elf/lib\libm.a(lib_a-w_fmod.o) (matherr)
d:/quartus18.1/nios2eds/bin/gnu/h-x86_64-mingw32/bin/../lib/gcc/nios2-elf/5.3.0/../../../../../H-x86_64-mingw32/nios2-elf/lib\libm.a(lib_a-s_nan.o)
                              d:/quartus18.1/nios2eds/bin/gnu/h-x86_64-mingw32/bin/../lib/gcc/nios2-elf/5.3.0/../../../../../H-x86_64-mingw32/nios2-elf/lib\libm.a(lib_a-w_log.o) (nan)
d:/quartus18.1/nios2eds/bin/gnu/h-x86_64-mingw32/bin/../lib/gcc/nios2-elf/5.3.0\libgcc.a(_fixunssfsi.o)
                              obj/default/test_valid.o (__fixunssfsi)
d:/quartus18.1/nios2eds/bin/gnu/h-x86_64-mingw32/bin/../lib/gcc/nios2-elf/5.3.0\libgcc.a(lib2-divmod.o)
                              obj/default/test_valid.o (__modsi3)
d:/quartus18.1/nios2eds/bin/gnu/h-x86_64-mingw32/bin/../lib/gcc/nios2-elf/5.3.0\libgcc.a(addsf3.o)
                              obj/default/test_valid.o (__addsf3)
d:/quartus18.1/nios2eds/bin/gnu/h-x86_64-mingw32/bin/../lib/gcc/nios2-elf/5.3.0\libgcc.a(divsf3.o)
                              obj/default/test_valid.o (__divsf3)
d:/quartus18.1/nios2eds/bin/gnu/h-x86_64-mingw32/bin/../lib/gcc/nios2-elf/5.3.0\libgcc.a(gesf2.o)
                              d:/quartus18.1/nios2eds/bin/gnu/h-x86_64-mingw32/bin/../lib/gcc/nios2-elf/5.3.0\libgcc.a(_fixunssfsi.o) (__gesf2)
d:/quartus18.1/nios2eds/bin/gnu/h-x86_64-mingw32/bin/../lib/gcc/nios2-elf/5.3.0\libgcc.a(lesf2.o)
                              obj/default/test_valid.o (__lesf2)
d:/quartus18.1/nios2eds/bin/gnu/h-x86_64-mingw32/bin/../lib/gcc/nios2-elf/5.3.0\libgcc.a(mulsf3.o)
                              obj/default/test_valid.o (__mulsf3)
d:/quartus18.1/nios2eds/bin/gnu/h-x86_64-mingw32/bin/../lib/gcc/nios2-elf/5.3.0\libgcc.a(subsf3.o)
                              obj/default/test_valid.o (__subsf3)
d:/quartus18.1/nios2eds/bin/gnu/h-x86_64-mingw32/bin/../lib/gcc/nios2-elf/5.3.0\libgcc.a(fixsfsi.o)
                              d:/quartus18.1/nios2eds/bin/gnu/h-x86_64-mingw32/bin/../lib/gcc/nios2-elf/5.3.0\libgcc.a(_fixunssfsi.o) (__fixsfsi)
d:/quartus18.1/nios2eds/bin/gnu/h-x86_64-mingw32/bin/../lib/gcc/nios2-elf/5.3.0\libgcc.a(floatsisf.o)
[...]
Memory Configuration

Name             Origin             Length             Attributes
reset            0x0000000000040000 0x0000000000000020
onchip_memory2   0x0000000000040020 0x00000000000270e0
*default*        0x0000000000000000 0xffffffffffffffff

Linker script and memory map

LOAD ../test_valid_bsp//obj/HAL/src/crt0.o
LOAD obj/default/test_valid.o
LOAD d:/quartus18.1/nios2eds/bin/gnu/h-x86_64-mingw32/bin/../lib/gcc/nios2-elf/5.3.0/../../../../../H-x86_64-mingw32/nios2-elf/lib\libstdc++.a
LOAD d:/quartus18.1/nios2eds/bin/gnu/h-x86_64-mingw32/bin/../lib/gcc/nios2-elf/5.3.0/../../../../../H-x86_64-mingw32/nios2-elf/lib\libm.a
LOAD d:/quartus18.1/nios2eds/bin/gnu/h-x86_64-mingw32/bin/../lib/gcc/nios2-elf/5.3.0\libgcc.a
START GROUP
LOAD d:/quartus18.1/nios2eds/bin/gnu/h-x86_64-mingw32/bin/../lib/gcc/nios2-elf/5.3.0/../../../../../H-x86_64-mingw32/nios2-elf/lib\libc.a
LOAD d:/quartus18.1/nios2eds/bin/gnu/h-x86_64-mingw32/bin/../lib/gcc/nios2-elf/5.3.0\libgcc.a
LOAD ../test_valid_bsp/\libhal_bsp.a
LOAD d:/quartus18.1/nios2eds/bin/gnu/h-x86_64-mingw32/bin/../lib/gcc/nios2-elf/5.3.0/../../../../../H-x86_64-mingw32/nios2-elf/lib\libm.a
END GROUP
LOAD d:/quartus18.1/nios2eds/bin/gnu/h-x86_64-mingw32/bin/../lib/gcc/nios2-elf/5.3.0\libgcc.a
                0x0000000000040000                __alt_mem_onchip_memory2 = 0x40000

.entry          0x0000000000040000       0x20
 *(.entry)
 .entry         0x0000000000040000       0x20 ../test_valid_bsp//obj/HAL/src/crt0.o
                0x0000000000040000                __reset

.exceptions     0x0000000000040020      0x224
                0x0000000000040020                PROVIDE (__ram_exceptions_start, ABSOLUTE (.))
                0x0000000000040020                . = ALIGN (0x20)
 *(.irq)
 *(.exceptions.entry.label)
 .exceptions.entry.label
                0x0000000000040020        0x0 ../test_valid_bsp/\libhal_bsp.a(alt_irq_entry.o)
                0x0000000000040020                alt_irq_entry
 .exceptions.entry.label
                0x0000000000040020        0x0 ../test_valid_bsp/\libhal_bsp.a(alt_exception_entry.o)
                0x0000000000040020                alt_exception
 *(.exceptions.entry.user)
 *(.exceptions.entry.ecc_fatal)
 *(.exceptions.entry)
 .exceptions.entry
                0x0000000000040020       0x54 ../test_valid_bsp/\libhal_bsp.a(alt_exception_entry.o)
 *(.exceptions.irqtest.user)
 *(.exceptions.irqtest)
 .exceptions.irqtest
                0x0000000000040074       0x10 ../test_valid_bsp/\libhal_bsp.a(alt_irq_entry.o)
 *(.exceptions.irqhandler.user)
 *(.exceptions.irqhandler)
 .exceptions.irqhandler
                0x0000000000040084        0x4 ../test_valid_bsp/\libhal_bsp.a(alt_irq_entry.o)
 *(.exceptions.irqreturn.user)
 *(.exceptions.irqreturn)
 .exceptions.irqreturn
                0x0000000000040088        0x4 ../test_valid_bsp/\libhal_bsp.a(alt_irq_entry.o)
 *(.exceptions.notirq.label)
 .exceptions.notirq.label
                0x000000000004008c        0x0 ../test_valid_bsp/\libhal_bsp.a(alt_irq_entry.o)
 *(.exceptions.notirq.user)
 *(.exceptions.notirq)
 .exceptions.notirq
                0x000000000004008c        0x8 ../test_valid_bsp/\libhal_bsp.a(alt_exception_entry.o)
 *(.exceptions.soft.user)
 *(.exceptions.soft)
 *(.exceptions.unknown.user)
 *(.exceptions.unknown)
 .exceptions.unknown
                0x0000000000040094       0x14 ../test_valid_bsp/\libhal_bsp.a(alt_exception_entry.o)
 *(.exceptions.exit.label)
 .exceptions.exit.label
                0x00000000000400a8        0x0 ../test_valid_bsp/\libhal_bsp.a(alt_irq_entry.o)
 .exceptions.exit.label
                0x00000000000400a8        0x0 ../test_valid_bsp/\libhal_bsp.a(alt_exception_entry.o)
 *(.exceptions.exit.user)
 *(.exceptions.exit)
 .exceptions.exit
                0x00000000000400a8       0x54 ../test_valid_bsp/\libhal_bsp.a(alt_exception_entry.o)
 *(.exceptions)
 .exceptions    0x00000000000400fc       0xd4 ../test_valid_bsp/\libhal_bsp.a(alt_irq_handler.o)
                0x00000000000400fc                alt_irq_handler
 .exceptions    0x00000000000401d0       0x74 ../test_valid_bsp/\libhal_bsp.a(alt_instruction_exception_entry.o)
                0x00000000000401d0                alt_instruction_exception_entry
                0x0000000000040244                PROVIDE (__ram_exceptions_end, ABSOLUTE (.))
                0x0000000000040020                PROVIDE (__flash_exceptions_start, LOADADDR (.exceptions))

.text           0x0000000000040244    0x154c8
                [!provide]                        PROVIDE (stext, ABSOLUTE (.))
 *(.interp)
 *(.hash)
 *(.dynsym)
 *(.dynstr)
 *(.gnu.version)
 *(.gnu.version_d)
 *(.gnu.version_r)
 *(.rel.init)
 *(.rela.init)
 *(.rel.text .rel.text.* .rel.gnu.linkonce.t.*)
 *(.rela.text .rela.text.* .rela.gnu.linkonce.t.*)
 *(.rel.fini)
 *(.rela.fini)
 *(.rel.rodata .rel.rodata.* .rel.gnu.linkonce.r.*)
 *(.rela.rodata .rela.rodata.* .rela.gnu.linkonce.r.*)
 *(.rel.data .rel.data.* .rel.gnu.linkonce.d.*)
 *(.rela.data .rela.data.* .rela.gnu.linkonce.d.*)
 *(.rel.tdata .rel.tdata.* .rel.gnu.linkonce.td.*)
 *(.rela.tdata .rela.tdata.* .rela.gnu.linkonce.td.*)
 *(.rel.tbss .rel.tbss.* .rel.gnu.linkonce.tb.*)
 *(.rela.tbss .rela.tbss.* .rela.gnu.linkonce.tb.*)
 *(.rel.ctors)
 *(.rela.ctors)
 *(.rel.dtors)
 *(.rela.dtors)
 *(.rel.got)
 *(.rela.got)
 *(.rel.sdata .rel.sdata.* .rel.gnu.linkonce.s.*)
 *(.rela.sdata .rela.sdata.* .rela.gnu.linkonce.s.*)
 *(.rel.sbss .rel.sbss.* .rel.gnu.linkonce.sb.*)
 *(.rela.sbss .rela.sbss.* .rela.gnu.linkonce.sb.*)
 *(.rel.sdata2 .rel.sdata2.* .rel.gnu.linkonce.s2.*)
 *(.rela.sdata2 .rela.sdata2.* .rela.gnu.linkonce.s2.*)
 *(.rel.sbss2 .rel.sbss2.* .rel.gnu.linkonce.sb2.*)
 *(.rela.sbss2 .rela.sbss2.* .rela.gnu.linkonce.sb2.*)
 *(.rel.bss .rel.bss.* .rel.gnu.linkonce.b.*)
 *(.rela.bss .rela.bss.* .rela.gnu.linkonce.b.*)
 *(.rel.plt)
 *(.rela.plt)
 *(.rel.dyn)
 *(.init)
 *(.plt)
 *(.text .stub .text.* .gnu.linkonce.t.*)
 .text          0x0000000000040244       0x4c ../test_valid_bsp//obj/HAL/src/crt0.o
                0x0000000000040244                _start
 .text          0x0000000000040290     0x1968 obj/default/test_valid.o
                0x0000000000040290                initMovingAverage
                0x0000000000040304                updateMovingAverage
                0x0000000000040434                initReconstructor
                0x0000000000040514                nth_order_difference
                0x0000000000040640                anti_diff_nth
                0x0000000000040870                anti_diff_3rd
                0x0000000000040cdc                anti_diff_2nd
                0x0000000000041004                anti_diff_1st
                0x00000000000411e8                calc_order
                0x000000000004141c                modulo
                0x0000000000041510                center_to_2lam
                0x00000000000415ac                update
                0x0000000000041804                float_to_dac
                0x00000000000418c8                convert_adc_to_signal
                0x0000000000041964                top
                0x00000000000419f4                generate_test_data
                0x0000000000041a7c                initialize_pipeline
                0x0000000000041ac4                main
 .text          0x0000000000041bf8        0x0 d:/quartus18.1/nios2eds/bin/gnu/h-x86_64-mingw32/bin/../lib/gcc/nios2-elf/5.3.0/../../../../../H-x86_64-mingw32/nios2-elf/lib\libm.a(lib_a-s_ceil.o)
 .text.ceil     0x0000000000041bf8      0x1e0 d:/quartus18.1/nios2eds/bin/gnu/h-x86_64-mingw32/bin/../lib/gcc/nios2-elf/5.3.0/../../../../../H-x86_64-mingw32/nios2-elf/lib\libm.a(lib_a-s_ceil.o)
                0x0000000000041bf8                ceil
 .text          0x0000000000041dd8        0x0 d:/quartus18.1/nios2eds/bin/gnu/h-x86_64-mingw32/bin/../lib/gcc/nios2-elf/5.3.0/../../../../../H-x86_64-mingw32/nios2-elf/lib\libm.a(lib_a-s_round.o)
 .text.round    0x0000000000041dd8      0x100 d:/quartus18.1/nios2eds/bin/gnu/h-x86_64-mingw32/bin/../lib/gcc/nios2-elf/5.3.0/../../../../../H-x86_64-mingw32/nios2-elf/lib\libm.a(lib_a-s_round.o)
                0x0000000000041dd8                round
 .text          0x0000000000041ed8        0x0 d:/quartus18.1/nios2eds/bin/gnu/h-x86_64-mingw32/bin/../lib/gcc/nios2-elf/5.3.0/../../../../../H-x86_64-mingw32/nios2-elf/lib\libm.a(lib_a-sf_round.o)
 .text.roundf   0x0000000000041ed8       0x84 d:/quartus18.1/nios2eds/bin/gnu/h-x86_64-mingw32/bin/../lib/gcc/nios2-elf/5.3.0/../../../../../H-x86_64-mingw32/nios2-elf/lib\libm.a(lib_a-sf_round.o)
                0x0000000000041ed8                roundf
 .text          0x0000000000041f5c        0x0 d:/quartus18.1/nios2eds/bin/gnu/h-x86_64-mingw32/bin/../lib/gcc/nios2-elf/5.3.0/../../../../../H-x86_64-mingw32/nios2-elf/lib\libm.a(lib_a-w_fmod.o)
 .text.fmod     0x0000000000041f5c      0x158 d:/quartus18.1/nios2eds/bin/gnu/h-x86_64-mingw32/bin/../lib/gcc/nios2-elf/5.3.0/../../../../../H-x86_64-mingw32/nios2-elf/lib\libm.a(lib_a-w_fmod.o)
                0x0000000000041f5c                fmod
 .text          0x00000000000420b4        0x0 d:/quartus18.1/nios2eds/bin/gnu/h-x86_64-mingw32/bin/../lib/gcc/nios2-elf/5.3.0/../../../../../H-x86_64-mingw32/nios2-elf/lib\libm.a(lib_a-w_log.o)
 .text.log      0x00000000000420b4      0x19c d:/quartus18.1/nios2eds/bin/gnu/h-x86_64-mingw32/bin/../lib/gcc/nios2-elf/5.3.0/../../../../../H-x86_64-mingw32/nios2-elf/lib\libm.a(lib_a-w_log.o)
                0x00000000000420b4                log
 .text          0x0000000000042250        0x0 d:/quartus18.1/nios2eds/bin/gnu/h-x86_64-mingw32/bin/../lib/gcc/nios2-elf/5.3.0/../../../../../H-x86_64-mingw32/nios2-elf/lib\libm.a(lib_a-e_fmod.o)
 .text.__ieee754_fmod
                0x0000000000042250      0x340 d:/quartus18.1/nios2eds/bin/gnu/h-x86_64-mingw32/bin/../lib/gcc/nios2-elf/5.3.0/../../../../../H-x86_64-mingw32/nios2-elf/lib\libm.a(lib_a-e_fmod.o)
                0x0000000000042250                __ieee754_fmod
 .text          0x0000000000042590        0x0 d:/quartus18.1/nios2eds/bin/gnu/h-x86_64-mingw32/bin/../lib/gcc/nios2-elf/5.3.0/../../../../../H-x86_64-mingw32/nios2-elf/lib\libm.a(lib_a-e_log.o)
 .text.__ieee754_log
                0x0000000000042590      0x71c d:/quartus18.1/nios2eds/bin/gnu/h-x86_64-mingw32/bin/../lib/gcc/nios2-elf/5.3.0/../../../../../H-x86_64-mingw32/nios2-elf/lib\libm.a(lib_a-e_log.o)
                0x0000000000042590                __ieee754_log
 .text          0x0000000000042cac        0x0 d:/quartus18.1/nios2eds/bin/gnu/h-x86_64-mingw32/bin/../lib/gcc/nios2-elf/5.3.0/../../../../../H-x86_64-mingw32/nios2-elf/lib\libm.a(lib_a-s_fpclassify.o)
 .text.__fpclassifyd
                0x0000000000042cac       0x74 d:/quartus18.1/nios2eds/bin/gnu/h-x86_64-mingw32/bin/../lib/gcc/nios2-elf/5.3.0/../../../../../H-x86_64-mingw32/nios2-elf/lib\libm.a(lib_a-s_fpclassify.o)
                0x0000000000042cac                __fpclassifyd
 .text          0x0000000000042d20        0x0 d:/quartus18.1/nios2eds/bin/gnu/h-x86_64-mingw32/bin/../lib/gcc/nios2-elf/5.3.0/../../../../../H-x86_64-mingw32/nios2-elf/lib\libm.a(lib_a-s_lib_ver.o)
 .text          0x0000000000042d20        0x0 d:/quartus18.1/nios2eds/bin/gnu/h-x86_64-mingw32/bin/../lib/gcc/nios2-elf/5.3.0/../../../../../H-x86_64-mingw32/nios2-elf/lib\libm.a(lib_a-s_matherr.o)
 .text.matherr  0x0000000000042d20        0x8 d:/quartus18.1/nios2eds/bin/gnu/h-x86_64-mingw32/bin/../lib/gcc/nios2-elf/5.3.0/../../../../../H-x86_64-mingw32/nios2-elf/lib\libm.a(lib_a-s_matherr.o)
                0x0000000000042d20                matherr
 .text          0x0000000000042d28        0x0 d:/quartus18.1/nios2eds/bin/gnu/h-x86_64-mingw32/bin/../lib/gcc/nios2-elf/5.3.0/../../../../../H-x86_64-mingw32/nios2-elf/lib\libm.a(lib_a-s_nan.o)
 .text.nan      0x0000000000042d28        0xc d:/quartus18.1/nios2eds/bin/gnu/h-x86_64-mingw32/bin/../lib/gcc/nios2-elf/5.3.0/../../../../../H-x86_64-mingw32/nios2-elf/lib\libm.a(lib_a-s_nan.o)
                0x0000000000042d28                nan
 .text          0x0000000000042d34       0x60 d:/quartus18.1/nios2eds/bin/gnu/h-x86_64-mingw32/bin/../lib/gcc/nios2-elf/5.3.0\libgcc.a(_fixunssfsi.o)
                0x0000000000042d34                __fixunssfsi
 .text          0x0000000000042d94      0x1b4 d:/quartus18.1/nios2eds/bin/gnu/h-x86_64-mingw32/bin/../lib/gcc/nios2-elf/5.3.0\libgcc.a(lib2-divmod.o)
                0x0000000000042d94                __divsi3
                0x0000000000042e18                __modsi3
                0x0000000000042e8c                __udivsi3
                0x0000000000042ef0                __umodsi3
 .text          0x0000000000042f48      0x4c8 d:/quartus18.1/nios2eds/bin/gnu/h-x86_64-mingw32/bin/../lib/gcc/nios2-elf/5.3.0\libgcc.a(addsf3.o)
                0x0000000000042f48                __addsf3
 .text          0x0000000000043410      0x440 d:/quartus18.1/nios2eds/bin/gnu/h-x86_64-mingw32/bin/../lib/gcc/nios2-elf/5.3.0\libgcc.a(divsf3.o)
                0x0000000000043410                __divsf3
 .text          0x0000000000043850       0xbc d:/quartus18.1/nios2eds/bin/gnu/h-x86_64-mingw32/bin/../lib/gcc/nios2-elf/5.3.0\libgcc.a(gesf2.o)
                0x0000000000043850                __gesf2
                0x0000000000043850                __gtsf2
 .text          0x000000000004390c       0xc8 d:/quartus18.1/nios2eds/bin/gnu/h-x86_64-mingw32/bin/../lib/gcc/nios2-elf/5.3.0\libgcc.a(lesf2.o)
                0x000000000004390c                __ltsf2
                0x000000000004390c                __lesf2
 .text          0x00000000000439d4      0x3fc d:/quartus18.1/nios2eds/bin/gnu/h-x86_64-mingw32/bin/../lib/gcc/nios2-elf/5.3.0\libgcc.a(mulsf3.o)
                0x00000000000439d4                __mulsf3
 .text          0x0000000000043dd0      0x4e4 d:/quartus18.1/nios2eds/bin/gnu/h-x86_64-mingw32/bin/../lib/gcc/nios2-elf/5.3.0\libgcc.a(subsf3.o)
                0x0000000000043dd0                __subsf3
 .text          0x00000000000442b4       0x70 d:/quartus18.1/nios2eds/bin/gnu/h-x86_64-mingw32/bin/../lib/gcc/nios2-elf/5.3.0\libgcc.a(fixsfsi.o)
                0x00000000000442b4                __fixsfsi
 .text          0x0000000000044324      0x124 d:/quartus18.1/nios2eds/bin/gnu/h-x86_64-mingw32/bin/../lib/gcc/nios2-elf/5.3.0\libgcc.a(floatsisf.o)
                0x0000000000044324                __floatsisf
 .text          0x0000000000044448      0x8ac d:/quartus18.1/nios2eds/bin/gnu/h-x86_64-mingw32/bin/../lib/gcc/nios2-elf/5.3.0\libgcc.a(adddf3.o)
                0x0000000000044448                __adddf3
 .text          0x0000000000044cf4      0x8e8 d:/quartus18.1/nios2eds/bin/gnu/h-x86_64-mingw32/bin/../lib/gcc/nios2-elf/5.3.0\libgcc.a(divdf3.o)
                0x0000000000044cf4                __divdf3
 .text          0x00000000000455dc       0x88 d:/quartus18.1/nios2eds/bin/gnu/h-x86_64-mingw32/bin/../lib/gcc/nios2-elf/5.3.0\libgcc.a(eqdf2.o)
                0x00000000000455dc                __nedf2
                0x00000000000455dc                __eqdf2
 .text          0x0000000000045664       0xdc d:/quartus18.1/nios2eds/bin/gnu/h-x86_64-mingw32/bin/../lib/gcc/nios2-elf/5.3.0\libgcc.a(gedf2.o)
                0x0000000000045664                __gedf2
                0x0000000000045664                __gtdf2
 .text          0x0000000000045740      0x718 d:/quartus18.1/nios2eds/bin/gnu/h-x86_64-mingw32/bin/../lib/gcc/nios2-elf/5.3.0\libgcc.a(muldf3.o)
                0x0000000000045740                __muldf3
 .text          0x0000000000045e58      0x8fc d:/quartus18.1/nios2eds/bin/gnu/h-x86_64-mingw32/bin/../lib/gcc/nios2-elf/5.3.0\libgcc.a(subdf3.o)
                0x0000000000045e58                __subdf3
 .text          0x0000000000046754       0x80 d:/quartus18.1/nios2eds/bin/gnu/h-x86_64-mingw32/bin/../lib/gcc/nios2-elf/5.3.0\libgcc.a(fixdfsi.o)
                0x0000000000046754                __fixdfsi
 .text          0x00000000000467d4       0xdc d:/quartus18.1/nios2eds/bin/gnu/h-x86_64-mingw32/bin/../lib/gcc/nios2-elf/5.3.0\libgcc.a(floatsidf.o)
                0x00000000000467d4                __floatsidf
 .text          0x00000000000468b0      0x110 d:/quartus18.1/nios2eds/bin/gnu/h-x86_64-mingw32/bin/../lib/gcc/nios2-elf/5.3.0\libgcc.a(extendsfdf2.o)
                0x00000000000468b0                __extendsfdf2
 .text          0x00000000000469c0      0x1a8 d:/quartus18.1/nios2eds/bin/gnu/h-x86_64-mingw32/bin/../lib/gcc/nios2-elf/5.3.0\libgcc.a(truncdfsf2.o)
                0x00000000000469c0                __truncdfsf2
 .text          0x0000000000046b68       0x64 d:/quartus18.1/nios2eds/bin/gnu/h-x86_64-mingw32/bin/../lib/gcc/nios2-elf/5.3.0\libgcc.a(_clzsi2.o)
                0x0000000000046b68                __clzsi2
 .text          0x0000000000046bcc        0x0 d:/quartus18.1/nios2eds/bin/gnu/h-x86_64-mingw32/bin/../lib/gcc/nios2-elf/5.3.0\libgcc.a(_clz.o)
 .text          0x0000000000046bcc        0x0 d:/quartus18.1/nios2eds/bin/gnu/h-x86_64-mingw32/bin/../lib/gcc/nios2-elf/5.3.0/../../../../../H-x86_64-mingw32/nios2-elf/lib\libc.a(lib_a-errno.o)
 .text.__errno  0x0000000000046bcc       0x10 d:/quartus18.1/nios2eds/bin/gnu/h-x86_64-mingw32/bin/../lib/gcc/nios2-elf/5.3.0/../../../../../H-x86_64-mingw32/nios2-elf/lib\libc.a(lib_a-errno.o)
                0x0000000000046bcc                __errno
 .text          0x0000000000046bdc        0x0 d:/quartus18.1/nios2eds/bin/gnu/h-x86_64-mingw32/bin/../lib/gcc/nios2-elf/5.3.0/../../../../../H-x86_64-mingw32/nios2-elf/lib\libc.a(lib_a-impure.o)
 .text          0x0000000000046bdc        0x0 d:/quartus18.1/nios2eds/bin/gnu/h-x86_64-mingw32/bin/../lib/gcc/nios2-elf/5.3.0/../../../../../H-x86_64-mingw32/nios2-elf/lib\libc.a(lib_a-printf.o)
 .text._printf_r
                0x0000000000046bdc       0x30 d:/quartus18.1/nios2eds/bin/gnu/h-x86_64-mingw32/bin/../lib/gcc/nios2-elf/5.3.0/../../../../../H-x86_64-mingw32/nios2-elf/lib\libc.a(lib_a-printf.o)
                0x0000000000046bdc                _printf_r
 .text.printf   0x0000000000046c0c       0x3c d:/quartus18.1/nios2eds/bin/gnu/h-x86_64-mingw32/bin/../lib/gcc/nios2-elf/5.3.0/../../../../../H-x86_64-mingw32/nios2-elf/lib\libc.a(lib_a-printf.o)
                0x0000000000046c0c                printf
 .text          0x0000000000046c48        0x0 d:/quartus18.1/nios2eds/bin/gnu/h-x86_64-mingw32/bin/../lib/gcc/nios2-elf/5.3.0/../../../../../H-x86_64-mingw32/nios2-elf/lib\libc.a(lib_a-putchar.o)
 .text._putchar_r
                0x0000000000046c48        0x8 d:/quartus18.1/nios2eds/bin/gnu/h-x86_64-mingw32/bin/../lib/gcc/nios2-elf/5.3.0/../../../../../H-x86_64-mingw32/nios2-elf/lib\libc.a(lib_a-putchar.o)
                0x0000000000046c48                _putchar_r
 .text.putchar  0x0000000000046c50       0x18 d:/quartus18.1/nios2eds/bin/gnu/h-x86_64-mingw32/bin/../lib/gcc/nios2-elf/5.3.0/../../../../../H-x86_64-mingw32/nios2-elf/lib\libc.a(lib_a-putchar.o)
                0x0000000000046c50                putchar
 .text          0x0000000000046c68        0x0 d:/quartus18.1/nios2eds/bin/gnu/h-x86_64-mingw32/bin/../lib/gcc/nios2-elf/5.3.0/../../../../../H-x86_64-mingw32/nios2-elf/lib\libc.a(lib_a-puts.o)
 .text._puts_r  0x0000000000046c68       0xc0 d:/quartus18.1/nios2eds/bin/gnu/h-x86_64-mingw32/bin/../lib/gcc/nios2-elf/5.3.0/../../../../../H-x86_64-mingw32/nios2-elf/lib\libc.a(lib_a-puts.o)
                0x0000000000046c68                _puts_r
 .text.puts     0x0000000000046d28       0x14 d:/quartus18.1/nios2eds/bin/gnu/h-x86_64-mingw32/bin/../lib/gcc/nios2-elf/5.3.0/../../../../../H-x86_64-mingw32/nios2-elf/lib\libc.a(lib_a-puts.o)
                0x0000000000046d28                puts
 .text          0x0000000000046d3c        0x0 d:/quartus18.1/nios2eds/bin/gnu/h-x86_64-mingw32/bin/../lib/gcc/nios2-elf/5.3.0/../../../../../H-x86_64-mingw32/nios2-elf/lib\libc.a(lib_a-strlen.o)
 .text.strlen   0x0000000000046d3c       0x98 d:/quartus18.1/nios2eds/bin/gnu/h-x86_64-mingw32/bin/../lib/gcc/nios2-elf/5.3.0/../../../../../H-x86_64-mingw32/nios2-elf/lib\libc.a(lib_a-strlen.o)
                0x0000000000046d3c                strlen
 .text          0x0000000000046dd4        0x0 d:/quartus18.1/nios2eds/bin/gnu/h-x86_64-mingw32/bin/../lib/gcc/nios2-elf/5.3.0/../../../../../H-x86_64-mingw32/nios2-elf/lib\libc.a(lib_a-vfprintf.o)
 .text.___vfprintf_internal_r
                0x0000000000046dd4     0x21f8 d:/quartus18.1/nios2eds/bin/gnu/h-x86_64-mingw32/bin/../lib/gcc/nios2-elf/5.3.0/../../../../../H-x86_64-mingw32/nios2-elf/lib\libc.a(lib_a-vfprintf.o)
                0x0000000000046dd4                ___vfprintf_internal_r
 .text.__vfprintf_internal
                0x0000000000048fcc       0x1c d:/quartus18.1/nios2eds/bin/gnu/h-x86_64-mingw32/bin/../lib/gcc/nios2-elf/5.3.0/../../../../../H-x86_64-mingw32/nios2-elf/lib\libc.a(lib_a-vfprintf.o)
                0x0000000000048fcc                __vfprintf_internal
 .text.__sbprintf
                0x0000000000048fe8       0xbc d:/quartus18.1/nios2eds/bin/gnu/h-x86_64-mingw32/bin/../lib/gcc/nios2-elf/5.3.0/../../../../../H-x86_64-mingw32/nios2-elf/lib\libc.a(lib_a-vfprintf.o)
 .text          0x00000000000490a4        0x0 d:/quartus18.1/nios2eds/bin/gnu/h-x86_64-mingw32/bin/../lib/gcc/nios2-elf/5.3.0/../../../../../H-x86_64-mingw32/nios2-elf/lib\libc.a(lib_a-wsetup.o)
 .text.__swsetup_r
                0x00000000000490a4      0x154 d:/quartus18.1/nios2eds/bin/gnu/h-x86_64-mingw32/bin/../lib/gcc/nios2-elf/5.3.0/../../../../../H-x86_64-mingw32/nios2-elf/lib\libc.a(lib_a-wsetup.o)
                0x00000000000490a4                __swsetup_r
 .text          0x00000000000491f8        0x0 d:/quartus18.1/nios2eds/bin/gnu/h-x86_64-mingw32/bin/../lib/gcc/nios2-elf/5.3.0/../../../../../H-x86_64-mingw32/nios2-elf/lib\libc.a(lib_a-dtoa.o)
 .text.quorem   0x00000000000491f8      0x200 d:/quartus18.1/nios2eds/bin/gnu/h-x86_64-mingw32/bin/../lib/gcc/nios2-elf/5.3.0/../../../../../H-x86_64-mingw32/nios2-elf/lib\libc.a(lib_a-dtoa.o)
 .text._dtoa_r  0x00000000000493f8     0x1688 d:/quartus18.1/nios2eds/bin/gnu/h-x86_64-mingw32/bin/../lib/gcc/nios2-elf/5.3.0/../../../../../H-x86_64-mingw32/nios2-elf/lib\libc.a(lib_a-dtoa.o)
                0x00000000000493f8                _dtoa_r
 .text          0x000000000004aa80        0x0 d:/quartus18.1/nios2eds/bin/gnu/h-x86_64-mingw32/bin/../lib/gcc/nios2-elf/5.3.0/../../../../../H-x86_64-mingw32/nios2-elf/lib\libc.a(lib_a-fflush.o)
 .text.__sflush_r
                0x000000000004aa80      0x21c d:/quartus18.1/nios2eds/bin/gnu/h-x86_64-mingw32/bin/../lib/gcc/nios2-elf/5.3.0/../../../../../H-x86_64-mingw32/nios2-elf/lib\libc.a(lib_a-fflush.o)
                0x000000000004aa80                __sflush_r
 .text._fflush_r
                0x000000000004ac9c       0x5c d:/quartus18.1/nios2eds/bin/gnu/h-x86_64-mingw32/bin/../lib/gcc/nios2-elf/5.3.0/../../../../../H-x86_64-mingw32/nios2-elf/lib\libc.a(lib_a-fflush.o)
                0x000000000004ac9c                _fflush_r
 .text.fflush   0x000000000004acf8       0x30 d:/quartus18.1/nios2eds/bin/gnu/h-x86_64-mingw32/bin/../lib/gcc/nios2-elf/5.3.0/../../../../../H-x86_64-mingw32/nios2-elf/lib\libc.a(lib_a-fflush.o)
                0x000000000004acf8                fflush
 .text          0x000000000004ad28        0x0 d:/quartus18.1/nios2eds/bin/gnu/h-x86_64-mingw32/bin/../lib/gcc/nios2-elf/5.3.0/../../../../../H-x86_64-mingw32/nios2-elf/lib\libc.a(lib_a-findfp.o)
 .text.__fp_unlock
                0x000000000004ad28        0x8 d:/quartus18.1/nios2eds/bin/gnu/h-x86_64-mingw32/bin/../lib/gcc/nios2-elf/5.3.0/../../../../../H-x86_64-mingw32/nios2-elf/lib\libc.a(lib_a-findfp.o)
 .text._cleanup_r
                0x000000000004ad30        0xc d:/quartus18.1/nios2eds/bin/gnu/h-x86_64-mingw32/bin/../lib/gcc/nios2-elf/5.3.0/../../../../../H-x86_64-mingw32/nios2-elf/lib\libc.a(lib_a-findfp.o)
                0x000000000004ad30                _cleanup_r
 .text.__sinit.part.1
                0x000000000004ad3c      0x19c d:/quartus18.1/nios2eds/bin/gnu/h-x86_64-mingw32/bin/../lib/gcc/nios2-elf/5.3.0/../../../../../H-x86_64-mingw32/nios2-elf/lib\libc.a(lib_a-findfp.o)
 .text.__fp_lock
                0x000000000004aed8        0x8 d:/quartus18.1/nios2eds/bin/gnu/h-x86_64-mingw32/bin/../lib/gcc/nios2-elf/5.3.0/../../../../../H-x86_64-mingw32/nios2-elf/lib\libc.a(lib_a-findfp.o)
 .text.__sfmoreglue
                0x000000000004aee0       0x68 d:/quartus18.1/nios2eds/bin/gnu/h-x86_64-mingw32/bin/../lib/gcc/nios2-elf/5.3.0/../../../../../H-x86_64-mingw32/nios2-elf/lib\libc.a(lib_a-findfp.o)
                0x000000000004aee0                __sfmoreglue
 .text.__sfp    0x000000000004af48      0x118 d:/quartus18.1/nios2eds/bin/gnu/h-x86_64-mingw32/bin/../lib/gcc/nios2-elf/5.3.0/../../../../../H-x86_64-mingw32/nios2-elf/lib\libc.a(lib_a-findfp.o)
                0x000000000004af48                __sfp
 .text._cleanup
                0x000000000004b060       0x18 d:/quartus18.1/nios2eds/bin/gnu/h-x86_64-mingw32/bin/../lib/gcc/nios2-elf/5.3.0/../../../../../H-x86_64-mingw32/nios2-elf/lib\libc.a(lib_a-findfp.o)
                0x000000000004b060                _cleanup
 .text.__sinit  0x000000000004b078       0x10 d:/quartus18.1/nios2eds/bin/gnu/h-x86_64-mingw32/bin/../lib/gcc/nios2-elf/5.3.0/../../../../../H-x86_64-mingw32/nios2-elf/lib\libc.a(lib_a-findfp.o)
                0x000000000004b078                __sinit
 .text.__sfp_lock_acquire
                0x000000000004b088        0x4 d:/quartus18.1/nios2eds/bin/gnu/h-x86_64-mingw32/bin/../lib/gcc/nios2-elf/5.3.0/../../../../../H-x86_64-mingw32/nios2-elf/lib\libc.a(lib_a-findfp.o)
                0x000000000004b088                __sfp_lock_acquire
 .text.__sfp_lock_release
                0x000000000004b08c        0x4 d:/quartus18.1/nios2eds/bin/gnu/h-x86_64-mingw32/bin/../lib/gcc/nios2-elf/5.3.0/../../../../../H-x86_64-mingw32/nios2-elf/lib\libc.a(lib_a-findfp.o)
                0x000000000004b08c                __sfp_lock_release
 .text.__sinit_lock_acquire
                0x000000000004b090        0x4 d:/quartus18.1/nios2eds/bin/gnu/h-x86_64-mingw32/bin/../lib/gcc/nios2-elf/5.3.0/../../../../../H-x86_64-mingw32/nios2-elf/lib\libc.a(lib_a-findfp.o)
                0x000000000004b090                __sinit_lock_acquire
 .text.__sinit_lock_release
                0x000000000004b094        0x4 d:/quartus18.1/nios2eds/bin/gnu/h-x86_64-mingw32/bin/../lib/gcc/nios2-elf/5.3.0/../../../../../H-x86_64-mingw32/nios2-elf/lib\libc.a(lib_a-findfp.o)
                0x000000000004b094                __sinit_lock_release
 .text.__fp_lock_all
                0x000000000004b098       0x18 d:/quartus18.1/nios2eds/bin/gnu/h-x86_64-mingw32/bin/../lib/gcc/nios2-elf/5.3.0/../../../../../H-x86_64-mingw32/nios2-elf/lib\libc.a(lib_a-findfp.o)
                0x000000000004b098                __fp_lock_all
 .text.__fp_unlock_all
                0x000000000004b0b0       0x18 d:/quartus18.1/nios2eds/bin/gnu/h-x86_64-mingw32/bin/../lib/gcc/nios2-elf/5.3.0/../../../../../H-x86_64-mingw32/nios2-elf/lib\libc.a(lib_a-findfp.o)
                0x000000000004b0b0                __fp_unlock_all
 .text          0x000000000004b0c8        0x0 d:/quartus18.1/nios2eds/bin/gnu/h-x86_64-mingw32/bin/../lib/gcc/nios2-elf/5.3.0/../../../../../H-x86_64-mingw32/nios2-elf/lib\libc.a(lib_a-freer.o)
 .text._malloc_trim_r
                0x000000000004b0c8      0x124 d:/quartus18.1/nios2eds/bin/gnu/h-x86_64-mingw32/bin/../lib/gcc/nios2-elf/5.3.0/../../../../../H-x86_64-mingw32/nios2-elf/lib\libc.a(lib_a-freer.o)
                0x000000000004b0c8                _malloc_trim_r
 .text._free_r  0x000000000004b1ec      0x310 d:/quartus18.1/nios2eds/bin/gnu/h-x86_64-mingw32/bin/../lib/gcc/nios2-elf/5.3.0/../../../../../H-x86_64-mingw32/nios2-elf/lib\libc.a(lib_a-freer.o)
                0x000000000004b1ec                _free_r
 .text          0x000000000004b4fc        0x0 d:/quartus18.1/nios2eds/bin/gnu/h-x86_64-mingw32/bin/../lib/gcc/nios2-elf/5.3.0/../../../../../H-x86_64-mingw32/nios2-elf/lib\libc.a(lib_a-fvwrite.o)
 .text.__sfvwrite_r
                0x000000000004b4fc      0x4bc d:/quartus18.1/nios2eds/bin/gnu/h-x86_64-mingw32/bin/../lib/gcc/nios2-elf/5.3.0/../../../../../H-x86_64-mingw32/nios2-elf/lib\libc.a(lib_a-fvwrite.o)
                0x000000000004b4fc                __sfvwrite_r
 .text          0x000000000004b9b8        0x0 d:/quartus18.1/nios2eds/bin/gnu/h-x86_64-mingw32/bin/../lib/gcc/nios2-elf/5.3.0/../../../../../H-x86_64-mingw32/nios2-elf/lib\libc.a(lib_a-fwalk.o)
 .text._fwalk   0x000000000004b9b8       0xc4 d:/quartus18.1/nios2eds/bin/gnu/h-x86_64-mingw32/bin/../lib/gcc/nios2-elf/5.3.0/../../../../../H-x86_64-mingw32/nios2-elf/lib\libc.a(lib_a-fwalk.o)
                0x000000000004b9b8                _fwalk
 .text._fwalk_reent
                0x000000000004ba7c       0xc4 d:/quartus18.1/nios2eds/bin/gnu/h-x86_64-mingw32/bin/../lib/gcc/nios2-elf/5.3.0/../../../../../H-x86_64-mingw32/nios2-elf/lib\libc.a(lib_a-fwalk.o)
                0x000000000004ba7c                _fwalk_reent
 .text          0x000000000004bb40        0x0 d:/quartus18.1/nios2eds/bin/gnu/h-x86_64-mingw32/bin/../lib/gcc/nios2-elf/5.3.0/../../../../../H-x86_64-mingw32/nios2-elf/lib\libc.a(lib_a-locale.o)
 .text._setlocale_r
                0x000000000004bb40       0x7c d:/quartus18.1/nios2eds/bin/gnu/h-x86_64-mingw32/bin/../lib/gcc/nios2-elf/5.3.0/../../../../../H-x86_64-mingw32/nios2-elf/lib\libc.a(lib_a-locale.o)
                0x000000000004bb40                _setlocale_r
 .text.__locale_charset
                0x000000000004bbbc        0xc d:/quartus18.1/nios2eds/bin/gnu/h-x86_64-mingw32/bin/../lib/gcc/nios2-elf/5.3.0/../../../../../H-x86_64-mingw32/nios2-elf/lib\libc.a(lib_a-locale.o)
                0x000000000004bbbc                __locale_charset
 .text.__locale_mb_cur_max
                0x000000000004bbc8       0x10 d:/quartus18.1/nios2eds/bin/gnu/h-x86_64-mingw32/bin/../lib/gcc/nios2-elf/5.3.0/../../../../../H-x86_64-mingw32/nios2-elf/lib\libc.a(lib_a-locale.o)
                0x000000000004bbc8                __locale_mb_cur_max
 .text.__locale_msgcharset
                0x000000000004bbd8        0xc d:/quartus18.1/nios2eds/bin/gnu/h-x86_64-mingw32/bin/../lib/gcc/nios2-elf/5.3.0/../../../../../H-x86_64-mingw32/nios2-elf/lib\libc.a(lib_a-locale.o)
                0x000000000004bbd8                __locale_msgcharset
 .text.__locale_cjk_lang
                0x000000000004bbe4        0x8 d:/quartus18.1/nios2eds/bin/gnu/h-x86_64-mingw32/bin/../lib/gcc/nios2-elf/5.3.0/../../../../../H-x86_64-mingw32/nios2-elf/lib\libc.a(lib_a-locale.o)
                0x000000000004bbe4                __locale_cjk_lang
 .text._localeconv_r
                0x000000000004bbec        0xc d:/quartus18.1/nios2eds/bin/gnu/h-x86_64-mingw32/bin/../lib/gcc/nios2-elf/5.3.0/../../../../../H-x86_64-mingw32/nios2-elf/lib\libc.a(lib_a-locale.o)
                0x000000000004bbec                _localeconv_r
 .text.setlocale
                0x000000000004bbf8       0x18 d:/quartus18.1/nios2eds/bin/gnu/h-x86_64-mingw32/bin/../lib/gcc/nios2-elf/5.3.0/../../../../../H-x86_64-mingw32/nios2-elf/lib\libc.a(lib_a-locale.o)
                0x000000000004bbf8                setlocale
 .text.localeconv
                0x000000000004bc10        0xc d:/quartus18.1/nios2eds/bin/gnu/h-x86_64-mingw32/bin/../lib/gcc/nios2-elf/5.3.0/../../../../../H-x86_64-mingw32/nios2-elf/lib\libc.a(lib_a-locale.o)
                0x000000000004bc10                localeconv
 .text          0x000000000004bc1c        0x0 d:/quartus18.1/nios2eds/bin/gnu/h-x86_64-mingw32/bin/../lib/gcc/nios2-elf/5.3.0/../../../../../H-x86_64-mingw32/nios2-elf/lib\libc.a(lib_a-makebuf.o)
 .text.__smakebuf_r
                0x000000000004bc1c      0x1bc d:/quartus18.1/nios2eds/bin/gnu/h-x86_64-mingw32/bin/../lib/gcc/nios2-elf/5.3.0/../../../../../H-x86_64-mingw32/nios2-elf/lib\libc.a(lib_a-makebuf.o)
                0x000000000004bc1c                __smakebuf_r
 .text          0x000000000004bdd8        0x0 d:/quartus18.1/nios2eds/bin/gnu/h-x86_64-mingw32/bin/../lib/gcc/nios2-elf/5.3.0/../../../../../H-x86_64-mingw32/nios2-elf/lib\libc.a(lib_a-mallocr.o)
 .text._malloc_r
                0x000000000004bdd8      0x80c d:/quartus18.1/nios2eds/bin/gnu/h-x86_64-mingw32/bin/../lib/gcc/nios2-elf/5.3.0/../../../../../H-x86_64-mingw32/nios2-elf/lib\libc.a(lib_a-mallocr.o)
                0x000000000004bdd8                _malloc_r
 .text          0x000000000004c5e4        0x0 d:/quartus18.1/nios2eds/bin/gnu/h-x86_64-mingw32/bin/../lib/gcc/nios2-elf/5.3.0/../../../../../H-x86_64-mingw32/nios2-elf/lib\libc.a(lib_a-memchr.o)
 .text.memchr   0x000000000004c5e4       0xe4 d:/quartus18.1/nios2eds/bin/gnu/h-x86_64-mingw32/bin/../lib/gcc/nios2-elf/5.3.0/../../../../../H-x86_64-mingw32/nios2-elf/lib\libc.a(lib_a-memchr.o)
                0x000000000004c5e4                memchr
 .text          0x000000000004c6c8        0x0 d:/quartus18.1/nios2eds/bin/gnu/h-x86_64-mingw32/bin/../lib/gcc/nios2-elf/5.3.0/../../../../../H-x86_64-mingw32/nios2-elf/lib\libc.a(lib_a-memcpy.o)
 .text.memcpy   0x000000000004c6c8      0x148 d:/quartus18.1/nios2eds/bin/gnu/h-x86_64-mingw32/bin/../lib/gcc/nios2-elf/5.3.0/../../../../../H-x86_64-mingw32/nios2-elf/lib\libc.a(lib_a-memcpy.o)
                0x000000000004c6c8                memcpy
 .text          0x000000000004c810        0x0 d:/quartus18.1/nios2eds/bin/gnu/h-x86_64-mingw32/bin/../lib/gcc/nios2-elf/5.3.0/../../../../../H-x86_64-mingw32/nios2-elf/lib\libc.a(lib_a-memmove.o)
 .text.memmove  0x000000000004c810      0x15c d:/quartus18.1/nios2eds/bin/gnu/h-x86_64-mingw32/bin/../lib/gcc/nios2-elf/5.3.0/../../../../../H-x86_64-mingw32/nios2-elf/lib\libc.a(lib_a-memmove.o)
                0x000000000004c810                memmove
 .text          0x000000000004c96c        0x0 d:/quartus18.1/nios2eds/bin/gnu/h-x86_64-mingw32/bin/../lib/gcc/nios2-elf/5.3.0/../../../../../H-x86_64-mingw32/nios2-elf/lib\libc.a(lib_a-memset.o)
 .text.memset   0x000000000004c96c      0x128 d:/quartus18.1/nios2eds/bin/gnu/h-x86_64-mingw32/bin/../lib/gcc/nios2-elf/5.3.0/../../../../../H-x86_64-mingw32/nios2-elf/lib\libc.a(lib_a-memset.o)
                0x000000000004c96c                memset
 .text          0x000000000004ca94        0x0 d:/quartus18.1/nios2eds/bin/gnu/h-x86_64-mingw32/bin/../lib/gcc/nios2-elf/5.3.0/../../../../../H-x86_64-mingw32/nios2-elf/lib\libc.a(lib_a-mprec.o)
 .text._Balloc  0x000000000004ca94       0xa8 d:/quartus18.1/nios2eds/bin/gnu/h-x86_64-mingw32/bin/../lib/gcc/nios2-elf/5.3.0/../../../../../H-x86_64-mingw32/nios2-elf/lib\libc.a(lib_a-mprec.o)
                0x000000000004ca94                _Balloc
 .text._Bfree   0x000000000004cb3c       0x28 d:/quartus18.1/nios2eds/bin/gnu/h-x86_64-mingw32/bin/../lib/gcc/nios2-elf/5.3.0/../../../../../H-x86_64-mingw32/nios2-elf/lib\libc.a(lib_a-mprec.o)
                0x000000000004cb3c                _Bfree
 .text.__multadd
                0x000000000004cb64      0x120 d:/quartus18.1/nios2eds/bin/gnu/h-x86_64-mingw32/bin/../lib/gcc/nios2-elf/5.3.0/../../../../../H-x86_64-mingw32/nios2-elf/lib\libc.a(lib_a-mprec.o)
                0x000000000004cb64                __multadd
 .text.__s2b    0x000000000004cc84      0x104 d:/quartus18.1/nios2eds/bin/gnu/h-x86_64-mingw32/bin/../lib/gcc/nios2-elf/5.3.0/../../../../../H-x86_64-mingw32/nios2-elf/lib\libc.a(lib_a-mprec.o)
                0x000000000004cc84                __s2b
 .text.__hi0bits
                0x000000000004cd88       0x68 d:/quartus18.1/nios2eds/bin/gnu/h-x86_64-mingw32/bin/../lib/gcc/nios2-elf/5.3.0/../../../../../H-x86_64-mingw32/nios2-elf/lib\libc.a(lib_a-mprec.o)
                0x000000000004cd88                __hi0bits
 .text.__lo0bits
                0x000000000004cdf0       0xb0 d:/quartus18.1/nios2eds/bin/gnu/h-x86_64-mingw32/bin/../lib/gcc/nios2-elf/5.3.0/../../../../../H-x86_64-mingw32/nios2-elf/lib\libc.a(lib_a-mprec.o)
                0x000000000004cdf0                __lo0bits
 .text.__i2b    0x000000000004cea0       0x3c d:/quartus18.1/nios2eds/bin/gnu/h-x86_64-mingw32/bin/../lib/gcc/nios2-elf/5.3.0/../../../../../H-x86_64-mingw32/nios2-elf/lib\libc.a(lib_a-mprec.o)
                0x000000000004cea0                __i2b
 .text.__multiply
                0x000000000004cedc      0x1f8 d:/quartus18.1/nios2eds/bin/gnu/h-x86_64-mingw32/bin/../lib/gcc/nios2-elf/5.3.0/../../../../../H-x86_64-mingw32/nios2-elf/lib\libc.a(lib_a-mprec.o)
                0x000000000004cedc                __multiply
 .text.__pow5mult
                0x000000000004d0d4      0x140 d:/quartus18.1/nios2eds/bin/gnu/h-x86_64-mingw32/bin/../lib/gcc/nios2-elf/5.3.0/../../../../../H-x86_64-mingw32/nios2-elf/lib\libc.a(lib_a-mprec.o)
                0x000000000004d0d4                __pow5mult
 .text.__lshift
                0x000000000004d214      0x148 d:/quartus18.1/nios2eds/bin/gnu/h-x86_64-mingw32/bin/../lib/gcc/nios2-elf/5.3.0/../../../../../H-x86_64-mingw32/nios2-elf/lib\libc.a(lib_a-mprec.o)
                0x000000000004d214                __lshift
 .text.__mcmp   0x000000000004d35c       0x60 d:/quartus18.1/nios2eds/bin/gnu/h-x86_64-mingw32/bin/../lib/gcc/nios2-elf/5.3.0/../../../../../H-x86_64-mingw32/nios2-elf/lib\libc.a(lib_a-mprec.o)
                0x000000000004d35c                __mcmp
 .text.__mdiff  0x000000000004d3bc      0x1fc d:/quartus18.1/nios2eds/bin/gnu/h-x86_64-mingw32/bin/../lib/gcc/nios2-elf/5.3.0/../../../../../H-x86_64-mingw32/nios2-elf/lib\libc.a(lib_a-mprec.o)
                0x000000000004d3bc                __mdiff
 .text.__ulp    0x000000000004d5b8       0x64 d:/quartus18.1/nios2eds/bin/gnu/h-x86_64-mingw32/bin/../lib/gcc/nios2-elf/5.3.0/../../../../../H-x86_64-mingw32/nios2-elf/lib\libc.a(lib_a-mprec.o)
                0x000000000004d5b8                __ulp
 .text.__b2d    0x000000000004d61c      0x10c d:/quartus18.1/nios2eds/bin/gnu/h-x86_64-mingw32/bin/../lib/gcc/nios2-elf/5.3.0/../../../../../H-x86_64-mingw32/nios2-elf/lib\libc.a(lib_a-mprec.o)
                0x000000000004d61c                __b2d
 .text.__d2b    0x000000000004d728      0x14c d:/quartus18.1/nios2eds/bin/gnu/h-x86_64-mingw32/bin/../lib/gcc/nios2-elf/5.3.0/../../../../../H-x86_64-mingw32/nios2-elf/lib\libc.a(lib_a-mprec.o)
                0x000000000004d728                __d2b
 .text.__ratio  0x000000000004d874       0xa4 d:/quartus18.1/nios2eds/bin/gnu/h-x86_64-mingw32/bin/../lib/gcc/nios2-elf/5.3.0/../../../../../H-x86_64-mingw32/nios2-elf/lib\libc.a(lib_a-mprec.o)
                0x000000000004d874                __ratio
 .text._mprec_log10
                0x000000000004d918       0x74 d:/quartus18.1/nios2eds/bin/gnu/h-x86_64-mingw32/bin/../lib/gcc/nios2-elf/5.3.0/../../../../../H-x86_64-mingw32/nios2-elf/lib\libc.a(lib_a-mprec.o)
                0x000000000004d918                _mprec_log10
 .text.__copybits
                0x000000000004d98c       0x78 d:/quartus18.1/nios2eds/bin/gnu/h-x86_64-mingw32/bin/../lib/gcc/nios2-elf/5.3.0/../../../../../H-x86_64-mingw32/nios2-elf/lib\libc.a(lib_a-mprec.o)
                0x000000000004d98c                __copybits
 .text.__any_on
                0x000000000004da04       0x8c d:/quartus18.1/nios2eds/bin/gnu/h-x86_64-mingw32/bin/../lib/gcc/nios2-elf/5.3.0/../../../../../H-x86_64-mingw32/nios2-elf/lib\libc.a(lib_a-mprec.o)
                0x000000000004da04                __any_on
 .text          0x000000000004da90        0x0 d:/quartus18.1/nios2eds/bin/gnu/h-x86_64-mingw32/bin/../lib/gcc/nios2-elf/5.3.0/../../../../../H-x86_64-mingw32/nios2-elf/lib\libc.a(lib_a-putc.o)
 .text._putc_r  0x000000000004da90       0xa0 d:/quartus18.1/nios2eds/bin/gnu/h-x86_64-mingw32/bin/../lib/gcc/nios2-elf/5.3.0/../../../../../H-x86_64-mingw32/nios2-elf/lib\libc.a(lib_a-putc.o)
                0x000000000004da90                _putc_r
 .text.putc     0x000000000004db30       0xc8 d:/quartus18.1/nios2eds/bin/gnu/h-x86_64-mingw32/bin/../lib/gcc/nios2-elf/5.3.0/../../../../../H-x86_64-mingw32/nios2-elf/lib\libc.a(lib_a-putc.o)
                0x000000000004db30                putc
 .text          0x000000000004dbf8        0x0 d:/quartus18.1/nios2eds/bin/gnu/h-x86_64-mingw32/bin/../lib/gcc/nios2-elf/5.3.0/../../../../../H-x86_64-mingw32/nios2-elf/lib\libc.a(lib_a-reallocr.o)
 .text._realloc_r
                0x000000000004dbf8      0x564 d:/quartus18.1/nios2eds/bin/gnu/h-x86_64-mingw32/bin/../lib/gcc/nios2-elf/5.3.0/../../../../../H-x86_64-mingw32/nios2-elf/lib\libc.a(lib_a-reallocr.o)
                0x000000000004dbf8                _realloc_r
 .text          0x000000000004e15c        0x0 d:/quartus18.1/nios2eds/bin/gnu/h-x86_64-mingw32/bin/../lib/gcc/nios2-elf/5.3.0/../../../../../H-x86_64-mingw32/nios2-elf/lib\libc.a(lib_a-sbrkr.o)
 .text._sbrk_r  0x000000000004e15c       0x54 d:/quartus18.1/nios2eds/bin/gnu/h-x86_64-mingw32/bin/../lib/gcc/nios2-elf/5.3.0/../../../../../H-x86_64-mingw32/nios2-elf/lib\libc.a(lib_a-sbrkr.o)
                0x000000000004e15c                _sbrk_r
 .text          0x000000000004e1b0        0x0 d:/quartus18.1/nios2eds/bin/gnu/h-x86_64-mingw32/bin/../lib/gcc/nios2-elf/5.3.0/../../../../../H-x86_64-mingw32/nios2-elf/lib\libc.a(lib_a-stdio.o)
 .text.__sread  0x000000000004e1b0       0x54 d:/quartus18.1/nios2eds/bin/gnu/h-x86_64-mingw32/bin/../lib/gcc/nios2-elf/5.3.0/../../../../../H-x86_64-mingw32/nios2-elf/lib\libc.a(lib_a-stdio.o)
                0x000000000004e1b0                __sread
 .text.__seofread
                0x000000000004e204        0x8 d:/quartus18.1/nios2eds/bin/gnu/h-x86_64-mingw32/bin/../lib/gcc/nios2-elf/5.3.0/../../../../../H-x86_64-mingw32/nios2-elf/lib\libc.a(lib_a-stdio.o)
                0x000000000004e204                __seofread
 .text.__swrite
                0x000000000004e20c       0x7c d:/quartus18.1/nios2eds/bin/gnu/h-x86_64-mingw32/bin/../lib/gcc/nios2-elf/5.3.0/../../../../../H-x86_64-mingw32/nios2-elf/lib\libc.a(lib_a-stdio.o)
                0x000000000004e20c                __swrite
 .text.__sseek  0x000000000004e288       0x5c d:/quartus18.1/nios2eds/bin/gnu/h-x86_64-mingw32/bin/../lib/gcc/nios2-elf/5.3.0/../../../../../H-x86_64-mingw32/nios2-elf/lib\libc.a(lib_a-stdio.o)
                0x000000000004e288                __sseek
 .text.__sclose
                0x000000000004e2e4        0x8 d:/quartus18.1/nios2eds/bin/gnu/h-x86_64-mingw32/bin/../lib/gcc/nios2-elf/5.3.0/../../../../../H-x86_64-mingw32/nios2-elf/lib\libc.a(lib_a-stdio.o)
                0x000000000004e2e4                __sclose
 .text          0x000000000004e2ec        0x0 d:/quartus18.1/nios2eds/bin/gnu/h-x86_64-mingw32/bin/../lib/gcc/nios2-elf/5.3.0/../../../../../H-x86_64-mingw32/nios2-elf/lib\libc.a(lib_a-strcmp.o)
 .text.strcmp   0x000000000004e2ec       0xdc d:/quartus18.1/nios2eds/bin/gnu/h-x86_64-mingw32/bin/../lib/gcc/nios2-elf/5.3.0/../../../../../H-x86_64-mingw32/nios2-elf/lib\libc.a(lib_a-strcmp.o)
                0x000000000004e2ec                strcmp
 .text          0x000000000004e3c8        0x0 d:/quartus18.1/nios2eds/bin/gnu/h-x86_64-mingw32/bin/../lib/gcc/nios2-elf/5.3.0/../../../../../H-x86_64-mingw32/nios2-elf/lib\libc.a(lib_a-vfiprintf.o)
 .text.__sprint_r.part.0
                0x000000000004e3c8       0xfc d:/quartus18.1/nios2eds/bin/gnu/h-x86_64-mingw32/bin/../lib/gcc/nios2-elf/5.3.0/../../../../../H-x86_64-mingw32/nios2-elf/lib\libc.a(lib_a-vfiprintf.o)
 .text.__sprint_r
                0x000000000004e4c4       0x18 d:/quartus18.1/nios2eds/bin/gnu/h-x86_64-mingw32/bin/../lib/gcc/nios2-elf/5.3.0/../../../../../H-x86_64-mingw32/nios2-elf/lib\libc.a(lib_a-vfiprintf.o)
                0x000000000004e4c4                __sprint_r
 .text.___vfiprintf_internal_r
                0x000000000004e4dc     0x145c d:/quartus18.1/nios2eds/bin/gnu/h-x86_64-mingw32/bin/../lib/gcc/nios2-elf/5.3.0/../../../../../H-x86_64-mingw32/nios2-elf/lib\libc.a(lib_a-vfiprintf.o)
                0x000000000004e4dc                ___vfiprintf_internal_r
 .text.__vfiprintf_internal
                0x000000000004f938       0x1c d:/quartus18.1/nios2eds/bin/gnu/h-x86_64-mingw32/bin/../lib/gcc/nios2-elf/5.3.0/../../../../../H-x86_64-mingw32/nios2-elf/lib\libc.a(lib_a-vfiprintf.o)
                0x000000000004f938                __vfiprintf_internal
 .text.__sbprintf
                0x000000000004f954       0xbc d:/quartus18.1/nios2eds/bin/gnu/h-x86_64-mingw32/bin/../lib/gcc/nios2-elf/5.3.0/../../../../../H-x86_64-mingw32/nios2-elf/lib\libc.a(lib_a-vfiprintf.o)
 .text          0x000000000004fa10        0x0 d:/quartus18.1/nios2eds/bin/gnu/h-x86_64-mingw32/bin/../lib/gcc/nios2-elf/5.3.0/../../../../../H-x86_64-mingw32/nios2-elf/lib\libc.a(lib_a-wbuf.o)
 .text.__swbuf_r
                0x000000000004fa10      0x140 d:/quartus18.1/nios2eds/bin/gnu/h-x86_64-mingw32/bin/../lib/gcc/nios2-elf/5.3.0/../../../../../H-x86_64-mingw32/nios2-elf/lib\libc.a(lib_a-wbuf.o)
                0x000000000004fa10                __swbuf_r
 .text.__swbuf  0x000000000004fb50       0x18 d:/quartus18.1/nios2eds/bin/gnu/h-x86_64-mingw32/bin/../lib/gcc/nios2-elf/5.3.0/../../../../../H-x86_64-mingw32/nios2-elf/lib\libc.a(lib_a-wbuf.o)
                0x000000000004fb50                __swbuf
 .text          0x000000000004fb68        0x0 d:/quartus18.1/nios2eds/bin/gnu/h-x86_64-mingw32/bin/../lib/gcc/nios2-elf/5.3.0/../../../../../H-x86_64-mingw32/nios2-elf/lib\libc.a(lib_a-writer.o)
 .text._write_r
                0x000000000004fb68       0x60 d:/quartus18.1/nios2eds/bin/gnu/h-x86_64-mingw32/bin/../lib/gcc/nios2-elf/5.3.0/../../../../../H-x86_64-mingw32/nios2-elf/lib\libc.a(lib_a-writer.o)
                0x000000000004fb68                _write_r
 .text          0x000000000004fbc8        0x0 d:/quartus18.1/nios2eds/bin/gnu/h-x86_64-mingw32/bin/../lib/gcc/nios2-elf/5.3.0/../../../../../H-x86_64-mingw32/nios2-elf/lib\libc.a(closer.o)
 .text._close_r
                0x000000000004fbc8       0x54 d:/quartus18.1/nios2eds/bin/gnu/h-x86_64-mingw32/bin/../lib/gcc/nios2-elf/5.3.0/../../../../../H-x86_64-mingw32/nios2-elf/lib\libc.a(closer.o)
                0x000000000004fbc8                _close_r
 .text          0x000000000004fc1c        0x0 d:/quartus18.1/nios2eds/bin/gnu/h-x86_64-mingw32/bin/../lib/gcc/nios2-elf/5.3.0/../../../../../H-x86_64-mingw32/nios2-elf/lib\libc.a(lib_a-callocr.o)
 .text._calloc_r
                0x000000000004fc1c       0xc4 d:/quartus18.1/nios2eds/bin/gnu/h-x86_64-mingw32/bin/../lib/gcc/nios2-elf/5.3.0/../../../../../H-x86_64-mingw32/nios2-elf/lib\libc.a(lib_a-callocr.o)
                0x000000000004fc1c                _calloc_r
 .text          0x000000000004fce0        0x0 d:/quartus18.1/nios2eds/bin/gnu/h-x86_64-mingw32/bin/../lib/gcc/nios2-elf/5.3.0/../../../../../H-x86_64-mingw32/nios2-elf/lib\libc.a(lib_a-fclose.o)
 .text._fclose_r
                0x000000000004fce0       0xf0 d:/quartus18.1/nios2eds/bin/gnu/h-x86_64-mingw32/bin/../lib/gcc/nios2-elf/5.3.0/../../../../../H-x86_64-mingw32/nios2-elf/lib\libc.a(lib_a-fclose.o)
                0x000000000004fce0                _fclose_r
 .text.fclose   0x000000000004fdd0       0x14 d:/quartus18.1/nios2eds/bin/gnu/h-x86_64-mingw32/bin/../lib/gcc/nios2-elf/5.3.0/../../../../../H-x86_64-mingw32/nios2-elf/lib\libc.a(lib_a-fclose.o)
                0x000000000004fdd0                fclose
 .text          0x000000000004fde4        0x0 d:/quartus18.1/nios2eds/bin/gnu/h-x86_64-mingw32/bin/../lib/gcc/nios2-elf/5.3.0/../../../../../H-x86_64-mingw32/nios2-elf/lib\libc.a(lib_a-fputwc.o)
 .text.__fputwc
                0x000000000004fde4      0x164 d:/quartus18.1/nios2eds/bin/gnu/h-x86_64-mingw32/bin/../lib/gcc/nios2-elf/5.3.0/../../../../../H-x86_64-mingw32/nios2-elf/lib\libc.a(lib_a-fputwc.o)
                0x000000000004fde4                __fputwc
 .text._fputwc_r
                0x000000000004ff48       0x24 d:/quartus18.1/nios2eds/bin/gnu/h-x86_64-mingw32/bin/../lib/gcc/nios2-elf/5.3.0/../../../../../H-x86_64-mingw32/nios2-elf/lib\libc.a(lib_a-fputwc.o)
                0x000000000004ff48                _fputwc_r
 .text.fputwc   0x000000000004ff6c       0x80 d:/quartus18.1/nios2eds/bin/gnu/h-x86_64-mingw32/bin/../lib/gcc/nios2-elf/5.3.0/../../../../../H-x86_64-mingw32/nios2-elf/lib\libc.a(lib_a-fputwc.o)
                0x000000000004ff6c                fputwc
 .text          0x000000000004ffec        0x0 d:/quartus18.1/nios2eds/bin/gnu/h-x86_64-mingw32/bin/../lib/gcc/nios2-elf/5.3.0/../../../../../H-x86_64-mingw32/nios2-elf/lib\libc.a(lib_a-fstatr.o)
 .text._fstat_r
                0x000000000004ffec       0x5c d:/quartus18.1/nios2eds/bin/gnu/h-x86_64-mingw32/bin/../lib/gcc/nios2-elf/5.3.0/../../../../../H-x86_64-mingw32/nios2-elf/lib\libc.a(lib_a-fstatr.o)
                0x000000000004ffec                _fstat_r
 .text          0x0000000000050048        0x0 d:/quartus18.1/nios2eds/bin/gnu/h-x86_64-mingw32/bin/../lib/gcc/nios2-elf/5.3.0/../../../../../H-x86_64-mingw32/nios2-elf/lib\libc.a(lib_a-int_errno.o)
 .text          0x0000000000050048        0x0 d:/quartus18.1/nios2eds/bin/gnu/h-x86_64-mingw32/bin/../lib/gcc/nios2-elf/5.3.0/../../../../../H-x86_64-mingw32/nios2-elf/lib\libc.a(lib_a-isattyr.o)
 .text._isatty_r
                0x0000000000050048       0x54 d:/quartus18.1/nios2eds/bin/gnu/h-x86_64-mingw32/bin/../lib/gcc/nios2-elf/5.3.0/../../../../../H-x86_64-mingw32/nios2-elf/lib\libc.a(lib_a-isattyr.o)
                0x0000000000050048                _isatty_r
 .text          0x000000000005009c        0x0 d:/quartus18.1/nios2eds/bin/gnu/h-x86_64-mingw32/bin/../lib/gcc/nios2-elf/5.3.0/../../../../../H-x86_64-mingw32/nios2-elf/lib\libc.a(lib_a-lseekr.o)
 .text._lseek_r
                0x000000000005009c       0x60 d:/quartus18.1/nios2eds/bin/gnu/h-x86_64-mingw32/bin/../lib/gcc/nios2-elf/5.3.0/../../../../../H-x86_64-mingw32/nios2-elf/lib\libc.a(lib_a-lseekr.o)
                0x000000000005009c                _lseek_r
 .text          0x00000000000500fc        0x0 d:/quartus18.1/nios2eds/bin/gnu/h-x86_64-mingw32/bin/../lib/gcc/nios2-elf/5.3.0/../../../../../H-x86_64-mingw32/nios2-elf/lib\libc.a(lib_a-readr.o)
 .text._read_r  0x00000000000500fc       0x60 d:/quartus18.1/nios2eds/bin/gnu/h-x86_64-mingw32/bin/../lib/gcc/nios2-elf/5.3.0/../../../../../H-x86_64-mingw32/nios2-elf/lib\libc.a(lib_a-readr.o)
                0x00000000000500fc                _read_r
 .text          0x000000000005015c        0x0 d:/quartus18.1/nios2eds/bin/gnu/h-x86_64-mingw32/bin/../lib/gcc/nios2-elf/5.3.0/../../../../../H-x86_64-mingw32/nios2-elf/lib\libc.a(lib_a-wcrtomb.o)
 .text._wcrtomb_r
                0x000000000005015c       0x9c d:/quartus18.1/nios2eds/bin/gnu/h-x86_64-mingw32/bin/../lib/gcc/nios2-elf/5.3.0/../../../../../H-x86_64-mingw32/nios2-elf/lib\libc.a(lib_a-wcrtomb.o)
                0x000000000005015c                _wcrtomb_r
 .text.wcrtomb  0x00000000000501f8       0xc0 d:/quartus18.1/nios2eds/bin/gnu/h-x86_64-mingw32/bin/../lib/gcc/nios2-elf/5.3.0/../../../../../H-x86_64-mingw32/nios2-elf/lib\libc.a(lib_a-wcrtomb.o)
                0x00000000000501f8                wcrtomb
 .text          0x00000000000502b8        0x0 d:/quartus18.1/nios2eds/bin/gnu/h-x86_64-mingw32/bin/../lib/gcc/nios2-elf/5.3.0/../../../../../H-x86_64-mingw32/nios2-elf/lib\libc.a(lib_a-wctomb_r.o)
 .text.__ascii_wctomb
                0x00000000000502b8       0x30 d:/quartus18.1/nios2eds/bin/gnu/h-x86_64-mingw32/bin/../lib/gcc/nios2-elf/5.3.0/../../../../../H-x86_64-mingw32/nios2-elf/lib\libc.a(lib_a-wctomb_r.o)
                0x00000000000502b8                __ascii_wctomb
 .text._wctomb_r
                0x00000000000502e8       0x5c d:/quartus18.1/nios2eds/bin/gnu/h-x86_64-mingw32/bin/../lib/gcc/nios2-elf/5.3.0/../../../../../H-x86_64-mingw32/nios2-elf/lib\libc.a(lib_a-wctomb_r.o)
                0x00000000000502e8                _wctomb_r
 .text          0x0000000000050344      0x578 d:/quartus18.1/nios2eds/bin/gnu/h-x86_64-mingw32/bin/../lib/gcc/nios2-elf/5.3.0\libgcc.a(_udivdi3.o)
                0x0000000000050344                __udivdi3
 .text          0x00000000000508bc      0x538 d:/quartus18.1/nios2eds/bin/gnu/h-x86_64-mingw32/bin/../lib/gcc/nios2-elf/5.3.0\libgcc.a(_umoddi3.o)
                0x00000000000508bc                __umoddi3
 .text          0x0000000000050df4       0xf4 d:/quartus18.1/nios2eds/bin/gnu/h-x86_64-mingw32/bin/../lib/gcc/nios2-elf/5.3.0\libgcc.a(ledf2.o)
                0x0000000000050df4                __ledf2
                0x0000000000050df4                __ltdf2
 .text          0x0000000000050ee8       0xa8 d:/quartus18.1/nios2eds/bin/gnu/h-x86_64-mingw32/bin/../lib/gcc/nios2-elf/5.3.0\libgcc.a(floatunsidf.o)
                0x0000000000050ee8                __floatunsidf
 .text          0x0000000000050f90      0x10c ../test_valid_bsp/\libhal_bsp.a(alt_close.o)
                0x0000000000050fcc                close
 .text          0x000000000005109c       0x2c ../test_valid_bsp/\libhal_bsp.a(alt_dev.o)
 .text          0x00000000000510c8        0x0 ../test_valid_bsp/\libhal_bsp.a(alt_errno.o)
 .text          0x00000000000510c8       0xec ../test_valid_bsp/\libhal_bsp.a(alt_fstat.o)
                0x0000000000051104                fstat
 .text          0x00000000000511b4       0xe0 ../test_valid_bsp/\libhal_bsp.a(alt_isatty.o)
                0x00000000000511f0                isatty
 .text          0x0000000000051294       0xec ../test_valid_bsp/\libhal_bsp.a(alt_load.o)
                0x00000000000512fc                alt_load
 .text          0x0000000000051380      0x110 ../test_valid_bsp/\libhal_bsp.a(alt_lseek.o)
                0x00000000000513bc                lseek
 .text          0x0000000000051490       0x7c ../test_valid_bsp/\libhal_bsp.a(alt_main.o)
                0x0000000000051490                alt_main
 .text          0x000000000005150c       0x48 ../test_valid_bsp/\libhal_bsp.a(alt_malloc_lock.o)
                0x000000000005150c                __malloc_lock
                0x0000000000051530                __malloc_unlock
 .text          0x0000000000051554      0x138 ../test_valid_bsp/\libhal_bsp.a(alt_read.o)
                0x0000000000051590                read
 .text          0x000000000005168c       0x64 ../test_valid_bsp/\libhal_bsp.a(alt_release_fd.o)
                0x000000000005168c                alt_release_fd
 .text          0x00000000000516f0       0xb0 ../test_valid_bsp/\libhal_bsp.a(alt_sbrk.o)
                0x00000000000516f0                sbrk
 .text          0x00000000000517a0      0x134 ../test_valid_bsp/\libhal_bsp.a(alt_write.o)
                0x00000000000517dc                write
 .text          0x00000000000518d4       0xdc ../test_valid_bsp/\libhal_bsp.a(alt_sys_init.o)
                0x0000000000051908                alt_irq_init
                0x0000000000051940                alt_sys_init
 .text          0x00000000000519b0     0x1c00 ../test_valid_bsp/\libhal_bsp.a(altera_avalon_i2c.o)
                0x0000000000051ac0                alt_avalon_i2c_register_optional_irq_handler
                0x0000000000051bac                alt_avalon_i2c_register_callback
                0x0000000000051c00                alt_avalon_i2c_init
                0x0000000000051cec                alt_avalon_i2c_open
                0x0000000000051d2c                alt_avalon_i2c_enable
                0x0000000000051dc4                alt_avalon_i2c_disable
                0x0000000000051e10                alt_avalon_i2c_master_config_get
                0x0000000000051ec0                alt_avalon_i2c_master_config_set
                0x0000000000051f8c                alt_avalon_i2c_master_config_speed_get
                0x0000000000052020                alt_avalon_i2c_master_config_speed_set
                0x000000000005211c                alt_avalon_i2c_is_busy
                0x0000000000052160                alt_avalon_i2c_rx_read_available
                0x0000000000052208                alt_avalon_i2c_rx_read
                0x00000000000522b0                alt_avalon_i2c_cmd_write
                0x0000000000052394                alt_avalon_i2c_send_address
                0x0000000000052484                alt_avalon_i2c_master_target_get
                0x00000000000524bc                alt_avalon_i2c_master_target_set
                0x00000000000524f0                alt_avalon_i2c_check_nack
                0x000000000005253c                alt_avalon_i2c_check_arblost
                0x0000000000052588                alt_avalon_i2c_interrupt_transaction_status
                0x00000000000526bc                alt_avalon_i2c_master_tx
                0x00000000000527a4                alt_avalon_i2c_master_rx
                0x00000000000528e0                alt_avalon_i2c_master_tx_rx
                0x0000000000052aa8                alt_avalon_i2c_master_transmit
                0x0000000000052c64                alt_avalon_i2c_master_transmit_using_interrupts
                0x0000000000052e6c                alt_avalon_i2c_master_receive
                0x0000000000053078                alt_avalon_i2c_master_receive_using_interrupts
                0x0000000000053264                alt_avalon_i2c_int_status_get
                0x00000000000532bc                alt_avalon_i2c_int_raw_status_get
                0x0000000000053300                alt_avalon_i2c_int_clear
                0x000000000005333c                alt_avalon_i2c_int_disable
                0x00000000000533a4                alt_avalon_i2c_int_enable
                0x0000000000053408                alt_avalon_i2c_enabled_ints_get
                0x000000000005344c                alt_avalon_i2c_rx_fifo_threshold_get
                0x0000000000053498                alt_avalon_i2c_rx_fifo_threshold_set
                0x00000000000534fc                alt_avalon_i2c_tfr_cmd_fifo_threshold_get
                0x0000000000053548                alt_avalon_i2c_tfr_cmd_fifo_threshold_set
 .text          0x00000000000535b0      0x164 ../test_valid_bsp/\libhal_bsp.a(altera_avalon_jtag_uart_fd.o)
                0x00000000000535b0                altera_avalon_jtag_uart_read_fd
                0x0000000000053610                altera_avalon_jtag_uart_write_fd
                0x0000000000053670                altera_avalon_jtag_uart_close_fd
                0x00000000000536c0                altera_avalon_jtag_uart_ioctl_fd
 .text          0x0000000000053714      0x3d4 ../test_valid_bsp/\libhal_bsp.a(altera_avalon_jtag_uart_init.o)
                0x0000000000053714                altera_avalon_jtag_uart_init
                0x0000000000053a80                altera_avalon_jtag_uart_close
 .text          0x0000000000053ae8       0xf0 ../test_valid_bsp/\libhal_bsp.a(altera_avalon_jtag_uart_ioctl.o)
                0x0000000000053ae8                altera_avalon_jtag_uart_ioctl
 .text          0x0000000000053bd8      0x21c ../test_valid_bsp/\libhal_bsp.a(altera_avalon_jtag_uart_read.o)
                0x0000000000053bd8                altera_avalon_jtag_uart_read
 .text          0x0000000000053df4      0x224 ../test_valid_bsp/\libhal_bsp.a(altera_avalon_jtag_uart_write.o)
                0x0000000000053df4                altera_avalon_jtag_uart_write
 .text          0x0000000000054018       0xf4 ../test_valid_bsp/\libhal_bsp.a(altera_avalon_timer_sc.o)
                0x0000000000054090                alt_avalon_timer_sc_init
 .text          0x000000000005410c      0x12c ../test_valid_bsp/\libhal_bsp.a(alt_alarm_start.o)
                0x000000000005410c                alt_alarm_start
 .text          0x0000000000054238      0x158 ../test_valid_bsp/\libhal_bsp.a(alt_busy_sleep.o)
                0x0000000000054238                alt_busy_sleep
 .text          0x0000000000054390       0x48 ../test_valid_bsp/\libhal_bsp.a(alt_dcache_flush_all.o)
                0x0000000000054390                alt_dcache_flush_all
 .text          0x00000000000543d8       0xe0 ../test_valid_bsp/\libhal_bsp.a(alt_dev_llist_insert.o)
                0x0000000000054414                alt_dev_llist_insert
 .text          0x00000000000544b8       0x60 ../test_valid_bsp/\libhal_bsp.a(alt_do_ctors.o)
                0x00000000000544b8                _do_ctors
 .text          0x0000000000054518       0x60 ../test_valid_bsp/\libhal_bsp.a(alt_do_dtors.o)
                0x0000000000054518                _do_dtors
 .text          0x0000000000054578       0x90 ../test_valid_bsp/\libhal_bsp.a(alt_find_dev.o)
                0x0000000000054578                alt_find_dev
 .text          0x0000000000054608       0x34 ../test_valid_bsp/\libhal_bsp.a(alt_icache_flush_all.o)
                0x0000000000054608                alt_icache_flush_all
 .text          0x000000000005463c      0x1b0 ../test_valid_bsp/\libhal_bsp.a(alt_iic.o)
                0x000000000005463c                alt_ic_isr_register
                0x000000000005468c                alt_ic_irq_enable
                0x0000000000054714                alt_ic_irq_disable
                0x00000000000547a0                alt_ic_irq_enabled
 .text          0x00000000000547ec       0xf0 ../test_valid_bsp/\libhal_bsp.a(alt_iic_isr_register.o)
                0x00000000000547ec                alt_iic_isr_register
 .text          0x00000000000548dc      0x140 ../test_valid_bsp/\libhal_bsp.a(alt_io_redirect.o)
                0x00000000000549a0                alt_io_redirect
 .text          0x0000000000054a1c        0x0 ../test_valid_bsp/\libhal_bsp.a(alt_irq_entry.o)
 .text          0x0000000000054a1c        0x0 ../test_valid_bsp/\libhal_bsp.a(alt_irq_handler.o)
 .text          0x0000000000054a1c        0x0 ../test_valid_bsp/\libhal_bsp.a(alt_irq_vars.o)
 .text          0x0000000000054a1c      0x254 ../test_valid_bsp/\libhal_bsp.a(alt_open.o)
                0x0000000000054b1c                open
 .text          0x0000000000054c70      0x22c ../test_valid_bsp/\libhal_bsp.a(alt_printf.o)
                0x0000000000054c70                alt_printf
 .text          0x0000000000054e9c       0x3c ../test_valid_bsp/\libhal_bsp.a(alt_putchar.o)
                0x0000000000054e9c                alt_putchar
 .text          0x0000000000054ed8      0x1a4 ../test_valid_bsp/\libhal_bsp.a(alt_tick.o)
                0x0000000000054ed8                alt_alarm_stop
                0x0000000000054f74                alt_tick
 .text          0x000000000005507c       0x24 ../test_valid_bsp/\libhal_bsp.a(altera_nios2_gen2_irq.o)
                0x000000000005507c                altera_nios2_gen2_irq_init
 .text          0x00000000000550a0        0x0 ../test_valid_bsp/\libhal_bsp.a(alt_exception_entry.o)
 .text          0x00000000000550a0      0x108 ../test_valid_bsp/\libhal_bsp.a(alt_find_file.o)
                0x00000000000550a0                alt_find_file
 .text          0x00000000000551a8       0xa4 ../test_valid_bsp/\libhal_bsp.a(alt_get_fd.o)
                0x00000000000551a8                alt_get_fd
 .text          0x000000000005524c       0x90 ../test_valid_bsp/\libhal_bsp.a(alt_icache_flush.o)
                0x000000000005524c                alt_icache_flush
 .text          0x00000000000552dc       0x9c ../test_valid_bsp/\libhal_bsp.a(alt_instruction_exception_entry.o)
                0x00000000000552dc                alt_exception_cause_generated_bad_addr
 .text          0x0000000000055378        0x0 d:/quartus18.1/nios2eds/bin/gnu/h-x86_64-mingw32/bin/../lib/gcc/nios2-elf/5.3.0/../../../../../H-x86_64-mingw32/nios2-elf/lib\libc.a(lib_a-atexit.o)
 .text.atexit   0x0000000000055378       0x14 d:/quartus18.1/nios2eds/bin/gnu/h-x86_64-mingw32/bin/../lib/gcc/nios2-elf/5.3.0/../../../../../H-x86_64-mingw32/nios2-elf/lib\libc.a(lib_a-atexit.o)
                0x0000000000055378                atexit
 .text          0x000000000005538c        0x0 d:/quartus18.1/nios2eds/bin/gnu/h-x86_64-mingw32/bin/../lib/gcc/nios2-elf/5.3.0/../../../../../H-x86_64-mingw32/nios2-elf/lib\libc.a(lib_a-exit.o)
 .text.exit     0x000000000005538c       0x38 d:/quartus18.1/nios2eds/bin/gnu/h-x86_64-mingw32/bin/../lib/gcc/nios2-elf/5.3.0/../../../../../H-x86_64-mingw32/nios2-elf/lib\libc.a(lib_a-exit.o)
                0x000000000005538c                exit
 .text          0x00000000000553c4        0x0 d:/quartus18.1/nios2eds/bin/gnu/h-x86_64-mingw32/bin/../lib/gcc/nios2-elf/5.3.0/../../../../../H-x86_64-mingw32/nios2-elf/lib\libc.a(lib_a-memcmp.o)
 .text.memcmp   0x00000000000553c4       0x7c d:/quartus18.1/nios2eds/bin/gnu/h-x86_64-mingw32/bin/../lib/gcc/nios2-elf/5.3.0/../../../../../H-x86_64-mingw32/nios2-elf/lib\libc.a(lib_a-memcmp.o)
                0x00000000000553c4                memcmp
 .text          0x0000000000055440        0x0 d:/quartus18.1/nios2eds/bin/gnu/h-x86_64-mingw32/bin/../lib/gcc/nios2-elf/5.3.0/../../../../../H-x86_64-mingw32/nios2-elf/lib\libc.a(lib_a-__atexit.o)
 .text.__register_exitproc
                0x0000000000055440      0x118 d:/quartus18.1/nios2eds/bin/gnu/h-x86_64-mingw32/bin/../lib/gcc/nios2-elf/5.3.0/../../../../../H-x86_64-mingw32/nios2-elf/lib\libc.a(lib_a-__atexit.o)
                0x0000000000055440                __register_exitproc
 .text          0x0000000000055558        0x0 d:/quartus18.1/nios2eds/bin/gnu/h-x86_64-mingw32/bin/../lib/gcc/nios2-elf/5.3.0/../../../../../H-x86_64-mingw32/nios2-elf/lib\libc.a(lib_a-__call_atexit.o)
 .text.__call_exitprocs
                0x0000000000055558      0x180 d:/quartus18.1/nios2eds/bin/gnu/h-x86_64-mingw32/bin/../lib/gcc/nios2-elf/5.3.0/../../../../../H-x86_64-mingw32/nios2-elf/lib\libc.a(lib_a-__call_atexit.o)
                0x0000000000055558                __call_exitprocs
 .text          0x00000000000556d8       0x34 ../test_valid_bsp/\libhal_bsp.a(alt_exit.o)
                0x00000000000556d8                _exit
 *(.gnu.warning.*)
 *(.fini)
                [!provide]                        PROVIDE (__etext, ABSOLUTE (.))
                [!provide]                        PROVIDE (_etext, ABSOLUTE (.))
                [!provide]                        PROVIDE (etext, ABSOLUTE (.))
 *(.eh_frame_hdr)
                0x000000000005570c                . = ALIGN (0x4)
                [!provide]                        PROVIDE (__preinit_array_start, ABSOLUTE (.))
 *(.preinit_array)
                [!provide]                        PROVIDE (__preinit_array_end, ABSOLUTE (.))
                [!provide]                        PROVIDE (__init_array_start, ABSOLUTE (.))
 *(.init_array)
                [!provide]                        PROVIDE (__init_array_end, ABSOLUTE (.))
                [!provide]                        PROVIDE (__fini_array_start, ABSOLUTE (.))
 *(.fini_array)
                [!provide]                        PROVIDE (__fini_array_end, ABSOLUTE (.))
 *(.eh_frame)
 *(.gcc_except_table .gcc_except_table.*)
 *(.dynamic)
                0x000000000005570c                PROVIDE (__CTOR_LIST__, ABSOLUTE (.))
 *(.ctors)
 *(SORT(.ctors.*))
                0x000000000005570c                PROVIDE (__CTOR_END__, ABSOLUTE (.))
                0x000000000005570c                PROVIDE (__DTOR_LIST__, ABSOLUTE (.))
 *(.dtors)
 *(SORT(.dtors.*))
                0x000000000005570c                PROVIDE (__DTOR_END__, ABSOLUTE (.))
 *(.jcr)
                0x000000000005570c                . = ALIGN (0x4)

.rodata         0x000000000005570c      0x39c
                0x000000000005570c                PROVIDE (__ram_rodata_start, ABSOLUTE (.))
                0x000000000005570c                . = ALIGN (0x4)
 *(.rodata .rodata.* .gnu.linkonce.r.*)
 .rodata        0x000000000005570c       0x55 obj/default/test_valid.o
 *fill*         0x0000000000055761        0x3 
 .rodata.str1.4
                0x0000000000055764        0x5 d:/quartus18.1/nios2eds/bin/gnu/h-x86_64-mingw32/bin/../lib/gcc/nios2-elf/5.3.0/../../../../../H-x86_64-mingw32/nios2-elf/lib\libm.a(lib_a-w_fmod.o)
 *fill*         0x0000000000055769        0x3 
 .rodata.str1.4
                0x000000000005576c        0x4 d:/quartus18.1/nios2eds/bin/gnu/h-x86_64-mingw32/bin/../lib/gcc/nios2-elf/5.3.0/../../../../../H-x86_64-mingw32/nios2-elf/lib\libm.a(lib_a-w_log.o)
                                          0x5 (size before relaxing)
 .rodata.Zero   0x0000000000055770       0x10 d:/quartus18.1/nios2eds/bin/gnu/h-x86_64-mingw32/bin/../lib/gcc/nios2-elf/5.3.0/../../../../../H-x86_64-mingw32/nios2-elf/lib\libm.a(lib_a-e_fmod.o)
 .rodata        0x0000000000055780      0x100 d:/quartus18.1/nios2eds/bin/gnu/h-x86_64-mingw32/bin/../lib/gcc/nios2-elf/5.3.0\libgcc.a(_clz.o)
                0x0000000000055780                __clz_tab
 .rodata.str1.4
                0x0000000000055880        0x2 d:/quartus18.1/nios2eds/bin/gnu/h-x86_64-mingw32/bin/../lib/gcc/nios2-elf/5.3.0/../../../../../H-x86_64-mingw32/nios2-elf/lib\libc.a(lib_a-impure.o)
 *fill*         0x0000000000055882        0x2 
 .rodata.str1.4
                0x0000000000055884        0x2 d:/quartus18.1/nios2eds/bin/gnu/h-x86_64-mingw32/bin/../lib/gcc/nios2-elf/5.3.0/../../../../../H-x86_64-mingw32/nios2-elf/lib\libc.a(lib_a-puts.o)
 *fill*         0x0000000000055886        0x2 
 .rodata.str1.4
                0x0000000000055888       0x42 d:/quartus18.1/nios2eds/bin/gnu/h-x86_64-mingw32/bin/../lib/gcc/nios2-elf/5.3.0/../../../../../H-x86_64-mingw32/nios2-elf/lib\libc.a(lib_a-vfprintf.o)
 .rodata.zeroes.4404
                0x00000000000558ca       0x10 d:/quartus18.1/nios2eds/bin/gnu/h-x86_64-mingw32/bin/../lib/gcc/nios2-elf/5.3.0/../../../../../H-x86_64-mingw32/nios2-elf/lib\libc.a(lib_a-vfprintf.o)
 .rodata.blanks.4403
                0x00000000000558da       0x10 d:/quartus18.1/nios2eds/bin/gnu/h-x86_64-mingw32/bin/../lib/gcc/nios2-elf/5.3.0/../../../../../H-x86_64-mingw32/nios2-elf/lib\libc.a(lib_a-vfprintf.o)
 *fill*         0x00000000000558ea        0x2 
 .rodata.str1.4
                0x00000000000558ec       0x10 d:/quartus18.1/nios2eds/bin/gnu/h-x86_64-mingw32/bin/../lib/gcc/nios2-elf/5.3.0/../../../../../H-x86_64-mingw32/nios2-elf/lib\libc.a(lib_a-dtoa.o)
                                         0x12 (size before relaxing)
 .rodata.str1.4
                0x00000000000558fc        0xc d:/quartus18.1/nios2eds/bin/gnu/h-x86_64-mingw32/bin/../lib/gcc/nios2-elf/5.3.0/../../../../../H-x86_64-mingw32/nios2-elf/lib\libc.a(lib_a-locale.o)
                                         0x12 (size before relaxing)
 .rodata.p05.2768
                0x0000000000055908        0xc d:/quartus18.1/nios2eds/bin/gnu/h-x86_64-mingw32/bin/../lib/gcc/nios2-elf/5.3.0/../../../../../H-x86_64-mingw32/nios2-elf/lib\libc.a(lib_a-mprec.o)
 .rodata.__mprec_tinytens
                0x0000000000055914       0x28 d:/quartus18.1/nios2eds/bin/gnu/h-x86_64-mingw32/bin/../lib/gcc/nios2-elf/5.3.0/../../../../../H-x86_64-mingw32/nios2-elf/lib\libc.a(lib_a-mprec.o)
                0x0000000000055914                __mprec_tinytens
 .rodata.__mprec_bigtens
                0x000000000005593c       0x28 d:/quartus18.1/nios2eds/bin/gnu/h-x86_64-mingw32/bin/../lib/gcc/nios2-elf/5.3.0/../../../../../H-x86_64-mingw32/nios2-elf/lib\libc.a(lib_a-mprec.o)
                0x000000000005593c                __mprec_bigtens
 .rodata.__mprec_tens
                0x0000000000055964       0xc8 d:/quartus18.1/nios2eds/bin/gnu/h-x86_64-mingw32/bin/../lib/gcc/nios2-elf/5.3.0/../../../../../H-x86_64-mingw32/nios2-elf/lib\libc.a(lib_a-mprec.o)
                0x0000000000055964                __mprec_tens
 .rodata.str1.4
                0x0000000000055a2c       0x2f d:/quartus18.1/nios2eds/bin/gnu/h-x86_64-mingw32/bin/../lib/gcc/nios2-elf/5.3.0/../../../../../H-x86_64-mingw32/nios2-elf/lib\libc.a(lib_a-vfiprintf.o)
 .rodata.zeroes.4349
                0x0000000000055a2c       0x10 d:/quartus18.1/nios2eds/bin/gnu/h-x86_64-mingw32/bin/../lib/gcc/nios2-elf/5.3.0/../../../../../H-x86_64-mingw32/nios2-elf/lib\libc.a(lib_a-vfiprintf.o)
 .rodata.blanks.4348
                0x0000000000055a3c       0x10 d:/quartus18.1/nios2eds/bin/gnu/h-x86_64-mingw32/bin/../lib/gcc/nios2-elf/5.3.0/../../../../../H-x86_64-mingw32/nios2-elf/lib\libc.a(lib_a-vfiprintf.o)
 .rodata        0x0000000000055a4c        0xa ../test_valid_bsp/\libhal_bsp.a(alt_dev.o)
 *fill*         0x0000000000055a56        0x2 
 .rodata        0x0000000000055a58        0xf ../test_valid_bsp/\libhal_bsp.a(alt_main.o)
 *fill*         0x0000000000055a67        0x1 
 .rodata        0x0000000000055a68       0x1f ../test_valid_bsp/\libhal_bsp.a(alt_sys_init.o)
 *fill*         0x0000000000055a87        0x1 
 .rodata        0x0000000000055a88       0x1d ../test_valid_bsp/\libhal_bsp.a(altera_avalon_i2c.o)
 *(.rodata1)
                0x0000000000055aa8                . = ALIGN (0x4)
 *fill*         0x0000000000055aa5        0x3 
                0x0000000000055aa8                PROVIDE (__ram_rodata_end, ABSOLUTE (.))
                0x000000000005570c                PROVIDE (__flash_rodata_start, LOADADDR (.rodata))

.rwdata         0x0000000000055aa8     0x1b30 load address 0x00000000000575d8
                0x0000000000055aa8                PROVIDE (__ram_rwdata_start, ABSOLUTE (.))
                0x0000000000055aa8                . = ALIGN (0x4)
 *(.got.plt)
 *(.got)
 *(.data1)
 *(.data .data.* .gnu.linkonce.d.*)
 .data          0x0000000000055aa8        0x0 ../test_valid_bsp//obj/HAL/src/crt0.o
 .data          0x0000000000055aa8        0x0 obj/default/test_valid.o
 .data          0x0000000000055aa8        0x0 d:/quartus18.1/nios2eds/bin/gnu/h-x86_64-mingw32/bin/../lib/gcc/nios2-elf/5.3.0/../../../../../H-x86_64-mingw32/nios2-elf/lib\libm.a(lib_a-s_ceil.o)
 .data          0x0000000000055aa8        0x0 d:/quartus18.1/nios2eds/bin/gnu/h-x86_64-mingw32/bin/../lib/gcc/nios2-elf/5.3.0/../../../../../H-x86_64-mingw32/nios2-elf/lib\libm.a(lib_a-s_round.o)
 .data          0x0000000000055aa8        0x0 d:/quartus18.1/nios2eds/bin/gnu/h-x86_64-mingw32/bin/../lib/gcc/nios2-elf/5.3.0/../../../../../H-x86_64-mingw32/nios2-elf/lib\libm.a(lib_a-sf_round.o)
 .data          0x0000000000055aa8        0x0 d:/quartus18.1/nios2eds/bin/gnu/h-x86_64-mingw32/bin/../lib/gcc/nios2-elf/5.3.0/../../../../../H-x86_64-mingw32/nios2-elf/lib\libm.a(lib_a-w_fmod.o)
 .data          0x0000000000055aa8        0x0 d:/quartus18.1/nios2eds/bin/gnu/h-x86_64-mingw32/bin/../lib/gcc/nios2-elf/5.3.0/../../../../../H-x86_64-mingw32/nios2-elf/lib\libm.a(lib_a-w_log.o)
 .data          0x0000000000055aa8        0x0 d:/quartus18.1/nios2eds/bin/gnu/h-x86_64-mingw32/bin/../lib/gcc/nios2-elf/5.3.0/../../../../../H-x86_64-mingw32/nios2-elf/lib\libm.a(lib_a-e_fmod.o)
 .data          0x0000000000055aa8        0x0 d:/quartus18.1/nios2eds/bin/gnu/h-x86_64-mingw32/bin/../lib/gcc/nios2-elf/5.3.0/../../../../../H-x86_64-mingw32/nios2-elf/lib\libm.a(lib_a-e_log.o)
 .data          0x0000000000055aa8        0x0 d:/quartus18.1/nios2eds/bin/gnu/h-x86_64-mingw32/bin/../lib/gcc/nios2-elf/5.3.0/../../../../../H-x86_64-mingw32/nios2-elf/lib\libm.a(lib_a-s_fpclassify.o)
 .data          0x0000000000055aa8        0x0 d:/quartus18.1/nios2eds/bin/gnu/h-x86_64-mingw32/bin/../lib/gcc/nios2-elf/5.3.0/../../../../../H-x86_64-mingw32/nios2-elf/lib\libm.a(lib_a-s_lib_ver.o)
 .data          0x0000000000055aa8        0x0 d:/quartus18.1/nios2eds/bin/gnu/h-x86_64-mingw32/bin/../lib/gcc/nios2-elf/5.3.0/../../../../../H-x86_64-mingw32/nios2-elf/lib\libm.a(lib_a-s_matherr.o)
 .data          0x0000000000055aa8        0x0 d:/quartus18.1/nios2eds/bin/gnu/h-x86_64-mingw32/bin/../lib/gcc/nios2-elf/5.3.0/../../../../../H-x86_64-mingw32/nios2-elf/lib\libm.a(lib_a-s_nan.o)
 .data          0x0000000000055aa8        0x0 d:/quartus18.1/nios2eds/bin/gnu/h-x86_64-mingw32/bin/../lib/gcc/nios2-elf/5.3.0\libgcc.a(_fixunssfsi.o)
 .data          0x0000000000055aa8        0x0 d:/quartus18.1/nios2eds/bin/gnu/h-x86_64-mingw32/bin/../lib/gcc/nios2-elf/5.3.0\libgcc.a(lib2-divmod.o)
 .data          0x0000000000055aa8        0x0 d:/quartus18.1/nios2eds/bin/gnu/h-x86_64-mingw32/bin/../lib/gcc/nios2-elf/5.3.0\libgcc.a(addsf3.o)
 .data          0x0000000000055aa8        0x0 d:/quartus18.1/nios2eds/bin/gnu/h-x86_64-mingw32/bin/../lib/gcc/nios2-elf/5.3.0\libgcc.a(divsf3.o)
 .data          0x0000000000055aa8        0x0 d:/quartus18.1/nios2eds/bin/gnu/h-x86_64-mingw32/bin/../lib/gcc/nios2-elf/5.3.0\libgcc.a(gesf2.o)
 .data          0x0000000000055aa8        0x0 d:/quartus18.1/nios2eds/bin/gnu/h-x86_64-mingw32/bin/../lib/gcc/nios2-elf/5.3.0\libgcc.a(lesf2.o)
 .data          0x0000000000055aa8        0x0 d:/quartus18.1/nios2eds/bin/gnu/h-x86_64-mingw32/bin/../lib/gcc/nios2-elf/5.3.0\libgcc.a(mulsf3.o)
 .data          0x0000000000055aa8        0x0 d:/quartus18.1/nios2eds/bin/gnu/h-x86_64-mingw32/bin/../lib/gcc/nios2-elf/5.3.0\libgcc.a(subsf3.o)
 .data          0x0000000000055aa8        0x0 d:/quartus18.1/nios2eds/bin/gnu/h-x86_64-mingw32/bin/../lib/gcc/nios2-elf/5.3.0\libgcc.a(fixsfsi.o)
 .data          0x0000000000055aa8        0x0 d:/quartus18.1/nios2eds/bin/gnu/h-x86_64-mingw32/bin/../lib/gcc/nios2-elf/5.3.0\libgcc.a(floatsisf.o)
 .data          0x0000000000055aa8        0x0 d:/quartus18.1/nios2eds/bin/gnu/h-x86_64-mingw32/bin/../lib/gcc/nios2-elf/5.3.0\libgcc.a(adddf3.o)
 .data          0x0000000000055aa8        0x0 d:/quartus18.1/nios2eds/bin/gnu/h-x86_64-mingw32/bin/../lib/gcc/nios2-elf/5.3.0\libgcc.a(divdf3.o)
 .data          0x0000000000055aa8        0x0 d:/quartus18.1/nios2eds/bin/gnu/h-x86_64-mingw32/bin/../lib/gcc/nios2-elf/5.3.0\libgcc.a(eqdf2.o)
 .data          0x0000000000055aa8        0x0 d:/quartus18.1/nios2eds/bin/gnu/h-x86_64-mingw32/bin/../lib/gcc/nios2-elf/5.3.0\libgcc.a(gedf2.o)
 .data          0x0000000000055aa8        0x0 d:/quartus18.1/nios2eds/bin/gnu/h-x86_64-mingw32/bin/../lib/gcc/nios2-elf/5.3.0\libgcc.a(muldf3.o)
 .data          0x0000000000055aa8        0x0 d:/quartus18.1/nios2eds/bin/gnu/h-x86_64-mingw32/bin/../lib/gcc/nios2-elf/5.3.0\libgcc.a(subdf3.o)
 .data          0x0000000000055aa8        0x0 d:/quartus18.1/nios2eds/bin/gnu/h-x86_64-mingw32/bin/../lib/gcc/nios2-elf/5.3.0\libgcc.a(fixdfsi.o)
 .data          0x0000000000055aa8        0x0 d:/quartus18.1/nios2eds/bin/gnu/h-x86_64-mingw32/bin/../lib/gcc/nios2-elf/5.3.0\libgcc.a(floatsidf.o)
 .data          0x0000000000055aa8        0x0 d:/quartus18.1/nios2eds/bin/gnu/h-x86_64-mingw32/bin/../lib/gcc/nios2-elf/5.3.0\libgcc.a(extendsfdf2.o)
 .data          0x0000000000055aa8        0x0 d:/quartus18.1/nios2eds/bin/gnu/h-x86_64-mingw32/bin/../lib/gcc/nios2-elf/5.3.0\libgcc.a(truncdfsf2.o)
 .data          0x0000000000055aa8        0x0 d:/quartus18.1/nios2eds/bin/gnu/h-x86_64-mingw32/bin/../lib/gcc/nios2-elf/5.3.0\libgcc.a(_clzsi2.o)
 .data          0x0000000000055aa8        0x0 d:/quartus18.1/nios2eds/bin/gnu/h-x86_64-mingw32/bin/../lib/gcc/nios2-elf/5.3.0\libgcc.a(_clz.o)
 .data          0x0000000000055aa8        0x0 d:/quartus18.1/nios2eds/bin/gnu/h-x86_64-mingw32/bin/../lib/gcc/nios2-elf/5.3.0/../../../../../H-x86_64-mingw32/nios2-elf/lib\libc.a(lib_a-errno.o)
 .data          0x0000000000055aa8        0x0 d:/quartus18.1/nios2eds/bin/gnu/h-x86_64-mingw32/bin/../lib/gcc/nios2-elf/5.3.0/../../../../../H-x86_64-mingw32/nios2-elf/lib\libc.a(lib_a-impure.o)
 .data.impure_data
                0x0000000000055aa8      0x424 d:/quartus18.1/nios2eds/bin/gnu/h-x86_64-mingw32/bin/../lib/gcc/nios2-elf/5.3.0/../../../../../H-x86_64-mingw32/nios2-elf/lib\libc.a(lib_a-impure.o)
 .data          0x0000000000055ecc        0x0 d:/quartus18.1/nios2eds/bin/gnu/h-x86_64-mingw32/bin/../lib/gcc/nios2-elf/5.3.0/../../../../../H-x86_64-mingw32/nios2-elf/lib\libc.a(lib_a-printf.o)
 .data          0x0000000000055ecc        0x0 d:/quartus18.1/nios2eds/bin/gnu/h-x86_64-mingw32/bin/../lib/gcc/nios2-elf/5.3.0/../../../../../H-x86_64-mingw32/nios2-elf/lib\libc.a(lib_a-putchar.o)
 .data          0x0000000000055ecc        0x0 d:/quartus18.1/nios2eds/bin/gnu/h-x86_64-mingw32/bin/../lib/gcc/nios2-elf/5.3.0/../../../../../H-x86_64-mingw32/nios2-elf/lib\libc.a(lib_a-puts.o)
 .data          0x0000000000055ecc        0x0 d:/quartus18.1/nios2eds/bin/gnu/h-x86_64-mingw32/bin/../lib/gcc/nios2-elf/5.3.0/../../../../../H-x86_64-mingw32/nios2-elf/lib\libc.a(lib_a-strlen.o)
 .data          0x0000000000055ecc        0x0 d:/quartus18.1/nios2eds/bin/gnu/h-x86_64-mingw32/bin/../lib/gcc/nios2-elf/5.3.0/../../../../../H-x86_64-mingw32/nios2-elf/lib\libc.a(lib_a-vfprintf.o)
 .data          0x0000000000055ecc        0x0 d:/quartus18.1/nios2eds/bin/gnu/h-x86_64-mingw32/bin/../lib/gcc/nios2-elf/5.3.0/../../../../../H-x86_64-mingw32/nios2-elf/lib\libc.a(lib_a-wsetup.o)
 .data          0x0000000000055ecc        0x0 d:/quartus18.1/nios2eds/bin/gnu/h-x86_64-mingw32/bin/../lib/gcc/nios2-elf/5.3.0/../../../../../H-x86_64-mingw32/nios2-elf/lib\libc.a(lib_a-dtoa.o)
 .data          0x0000000000055ecc        0x0 d:/quartus18.1/nios2eds/bin/gnu/h-x86_64-mingw32/bin/../lib/gcc/nios2-elf/5.3.0/../../../../../H-x86_64-mingw32/nios2-elf/lib\libc.a(lib_a-fflush.o)
 .data          0x0000000000055ecc        0x0 d:/quartus18.1/nios2eds/bin/gnu/h-x86_64-mingw32/bin/../lib/gcc/nios2-elf/5.3.0/../../../../../H-x86_64-mingw32/nios2-elf/lib\libc.a(lib_a-findfp.o)
 .data          0x0000000000055ecc        0x0 d:/quartus18.1/nios2eds/bin/gnu/h-x86_64-mingw32/bin/../lib/gcc/nios2-elf/5.3.0/../../../../../H-x86_64-mingw32/nios2-elf/lib\libc.a(lib_a-freer.o)
 .data          0x0000000000055ecc        0x0 d:/quartus18.1/nios2eds/bin/gnu/h-x86_64-mingw32/bin/../lib/gcc/nios2-elf/5.3.0/../../../../../H-x86_64-mingw32/nios2-elf/lib\libc.a(lib_a-fvwrite.o)
 .data          0x0000000000055ecc        0x0 d:/quartus18.1/nios2eds/bin/gnu/h-x86_64-mingw32/bin/../lib/gcc/nios2-elf/5.3.0/../../../../../H-x86_64-mingw32/nios2-elf/lib\libc.a(lib_a-fwalk.o)
 .data          0x0000000000055ecc        0x0 d:/quartus18.1/nios2eds/bin/gnu/h-x86_64-mingw32/bin/../lib/gcc/nios2-elf/5.3.0/../../../../../H-x86_64-mingw32/nios2-elf/lib\libc.a(lib_a-locale.o)
 .data.lc_message_charset
                0x0000000000055ecc       0x20 d:/quartus18.1/nios2eds/bin/gnu/h-x86_64-mingw32/bin/../lib/gcc/nios2-elf/5.3.0/../../../../../H-x86_64-mingw32/nios2-elf/lib\libc.a(lib_a-locale.o)
 .data.lc_ctype_charset
                0x0000000000055eec       0x20 d:/quartus18.1/nios2eds/bin/gnu/h-x86_64-mingw32/bin/../lib/gcc/nios2-elf/5.3.0/../../../../../H-x86_64-mingw32/nios2-elf/lib\libc.a(lib_a-locale.o)
 .data.lconv    0x0000000000055f0c       0x38 d:/quartus18.1/nios2eds/bin/gnu/h-x86_64-mingw32/bin/../lib/gcc/nios2-elf/5.3.0/../../../../../H-x86_64-mingw32/nios2-elf/lib\libc.a(lib_a-locale.o)
 .data          0x0000000000055f44        0x0 d:/quartus18.1/nios2eds/bin/gnu/h-x86_64-mingw32/bin/../lib/gcc/nios2-elf/5.3.0/../../../../../H-x86_64-mingw32/nios2-elf/lib\libc.a(lib_a-makebuf.o)
 .data          0x0000000000055f44        0x0 d:/quartus18.1/nios2eds/bin/gnu/h-x86_64-mingw32/bin/../lib/gcc/nios2-elf/5.3.0/../../../../../H-x86_64-mingw32/nios2-elf/lib\libc.a(lib_a-mallocr.o)
 .data.__malloc_av_
                0x0000000000055f44      0x408 d:/quartus18.1/nios2eds/bin/gnu/h-x86_64-mingw32/bin/../lib/gcc/nios2-elf/5.3.0/../../../../../H-x86_64-mingw32/nios2-elf/lib\libc.a(lib_a-mallocr.o)
                0x0000000000055f44                __malloc_av_
 .data          0x000000000005634c        0x0 d:/quartus18.1/nios2eds/bin/gnu/h-x86_64-mingw32/bin/../lib/gcc/nios2-elf/5.3.0/../../../../../H-x86_64-mingw32/nios2-elf/lib\libc.a(lib_a-memchr.o)
 .data          0x000000000005634c        0x0 d:/quartus18.1/nios2eds/bin/gnu/h-x86_64-mingw32/bin/../lib/gcc/nios2-elf/5.3.0/../../../../../H-x86_64-mingw32/nios2-elf/lib\libc.a(lib_a-memcpy.o)
 .data          0x000000000005634c        0x0 d:/quartus18.1/nios2eds/bin/gnu/h-x86_64-mingw32/bin/../lib/gcc/nios2-elf/5.3.0/../../../../../H-x86_64-mingw32/nios2-elf/lib\libc.a(lib_a-memmove.o)
 .data          0x000000000005634c        0x0 d:/quartus18.1/nios2eds/bin/gnu/h-x86_64-mingw32/bin/../lib/gcc/nios2-elf/5.3.0/../../../../../H-x86_64-mingw32/nios2-elf/lib\libc.a(lib_a-memset.o)
 .data          0x000000000005634c        0x0 d:/quartus18.1/nios2eds/bin/gnu/h-x86_64-mingw32/bin/../lib/gcc/nios2-elf/5.3.0/../../../../../H-x86_64-mingw32/nios2-elf/lib\libc.a(lib_a-mprec.o)
 .data          0x000000000005634c        0x0 d:/quartus18.1/nios2eds/bin/gnu/h-x86_64-mingw32/bin/../lib/gcc/nios2-elf/5.3.0/../../../../../H-x86_64-mingw32/nios2-elf/lib\libc.a(lib_a-putc.o)
 .data          0x000000000005634c        0x0 d:/quartus18.1/nios2eds/bin/gnu/h-x86_64-mingw32/bin/../lib/gcc/nios2-elf/5.3.0/../../../../../H-x86_64-mingw32/nios2-elf/lib\libc.a(lib_a-reallocr.o)
 .data          0x000000000005634c        0x0 d:/quartus18.1/nios2eds/bin/gnu/h-x86_64-mingw32/bin/../lib/gcc/nios2-elf/5.3.0/../../../../../H-x86_64-mingw32/nios2-elf/lib\libc.a(lib_a-sbrkr.o)
 .data          0x000000000005634c        0x0 d:/quartus18.1/nios2eds/bin/gnu/h-x86_64-mingw32/bin/../lib/gcc/nios2-elf/5.3.0/../../../../../H-x86_64-mingw32/nios2-elf/lib\libc.a(lib_a-stdio.o)
 .data          0x000000000005634c        0x0 d:/quartus18.1/nios2eds/bin/gnu/h-x86_64-mingw32/bin/../lib/gcc/nios2-elf/5.3.0/../../../../../H-x86_64-mingw32/nios2-elf/lib\libc.a(lib_a-strcmp.o)
 .data          0x000000000005634c        0x0 d:/quartus18.1/nios2eds/bin/gnu/h-x86_64-mingw32/bin/../lib/gcc/nios2-elf/5.3.0/../../../../../H-x86_64-mingw32/nios2-elf/lib\libc.a(lib_a-vfiprintf.o)
 .data          0x000000000005634c        0x0 d:/quartus18.1/nios2eds/bin/gnu/h-x86_64-mingw32/bin/../lib/gcc/nios2-elf/5.3.0/../../../../../H-x86_64-mingw32/nios2-elf/lib\libc.a(lib_a-wbuf.o)
 .data          0x000000000005634c        0x0 d:/quartus18.1/nios2eds/bin/gnu/h-x86_64-mingw32/bin/../lib/gcc/nios2-elf/5.3.0/../../../../../H-x86_64-mingw32/nios2-elf/lib\libc.a(lib_a-writer.o)
 .data          0x000000000005634c        0x0 d:/quartus18.1/nios2eds/bin/gnu/h-x86_64-mingw32/bin/../lib/gcc/nios2-elf/5.3.0/../../../../../H-x86_64-mingw32/nios2-elf/lib\libc.a(closer.o)
 .data          0x000000000005634c        0x0 d:/quartus18.1/nios2eds/bin/gnu/h-x86_64-mingw32/bin/../lib/gcc/nios2-elf/5.3.0/../../../../../H-x86_64-mingw32/nios2-elf/lib\libc.a(lib_a-callocr.o)
 .data          0x000000000005634c        0x0 d:/quartus18.1/nios2eds/bin/gnu/h-x86_64-mingw32/bin/../lib/gcc/nios2-elf/5.3.0/../../../../../H-x86_64-mingw32/nios2-elf/lib\libc.a(lib_a-fclose.o)
 .data          0x000000000005634c        0x0 d:/quartus18.1/nios2eds/bin/gnu/h-x86_64-mingw32/bin/../lib/gcc/nios2-elf/5.3.0/../../../../../H-x86_64-mingw32/nios2-elf/lib\libc.a(lib_a-fputwc.o)
 .data          0x000000000005634c        0x0 d:/quartus18.1/nios2eds/bin/gnu/h-x86_64-mingw32/bin/../lib/gcc/nios2-elf/5.3.0/../../../../../H-x86_64-mingw32/nios2-elf/lib\libc.a(lib_a-fstatr.o)
 .data          0x000000000005634c        0x0 d:/quartus18.1/nios2eds/bin/gnu/h-x86_64-mingw32/bin/../lib/gcc/nios2-elf/5.3.0/../../../../../H-x86_64-mingw32/nios2-elf/lib\libc.a(lib_a-int_errno.o)
 .data          0x000000000005634c        0x0 d:/quartus18.1/nios2eds/bin/gnu/h-x86_64-mingw32/bin/../lib/gcc/nios2-elf/5.3.0/../../../../../H-x86_64-mingw32/nios2-elf/lib\libc.a(lib_a-isattyr.o)
 .data          0x000000000005634c        0x0 d:/quartus18.1/nios2eds/bin/gnu/h-x86_64-mingw32/bin/../lib/gcc/nios2-elf/5.3.0/../../../../../H-x86_64-mingw32/nios2-elf/lib\libc.a(lib_a-lseekr.o)
 .data          0x000000000005634c        0x0 d:/quartus18.1/nios2eds/bin/gnu/h-x86_64-mingw32/bin/../lib/gcc/nios2-elf/5.3.0/../../../../../H-x86_64-mingw32/nios2-elf/lib\libc.a(lib_a-readr.o)
 .data          0x000000000005634c        0x0 d:/quartus18.1/nios2eds/bin/gnu/h-x86_64-mingw32/bin/../lib/gcc/nios2-elf/5.3.0/../../../../../H-x86_64-mingw32/nios2-elf/lib\libc.a(lib_a-wcrtomb.o)
 .data          0x000000000005634c        0x0 d:/quartus18.1/nios2eds/bin/gnu/h-x86_64-mingw32/bin/../lib/gcc/nios2-elf/5.3.0/../../../../../H-x86_64-mingw32/nios2-elf/lib\libc.a(lib_a-wctomb_r.o)
 .data          0x000000000005634c        0x0 d:/quartus18.1/nios2eds/bin/gnu/h-x86_64-mingw32/bin/../lib/gcc/nios2-elf/5.3.0\libgcc.a(_udivdi3.o)
 .data          0x000000000005634c        0x0 d:/quartus18.1/nios2eds/bin/gnu/h-x86_64-mingw32/bin/../lib/gcc/nios2-elf/5.3.0\libgcc.a(_umoddi3.o)
 .data          0x000000000005634c        0x0 d:/quartus18.1/nios2eds/bin/gnu/h-x86_64-mingw32/bin/../lib/gcc/nios2-elf/5.3.0\libgcc.a(ledf2.o)
 .data          0x000000000005634c        0x0 d:/quartus18.1/nios2eds/bin/gnu/h-x86_64-mingw32/bin/../lib/gcc/nios2-elf/5.3.0\libgcc.a(floatunsidf.o)
 .data          0x000000000005634c        0x0 ../test_valid_bsp/\libhal_bsp.a(alt_close.o)
 .data          0x000000000005634c      0x1a8 ../test_valid_bsp/\libhal_bsp.a(alt_dev.o)
                0x000000000005634c                alt_dev_null
                0x0000000000056374                alt_fd_list
 .data          0x00000000000564f4        0x0 ../test_valid_bsp/\libhal_bsp.a(alt_errno.o)
 .data          0x00000000000564f4        0x0 ../test_valid_bsp/\libhal_bsp.a(alt_fstat.o)
 .data          0x00000000000564f4        0x0 ../test_valid_bsp/\libhal_bsp.a(alt_isatty.o)
 .data          0x00000000000564f4        0x0 ../test_valid_bsp/\libhal_bsp.a(alt_load.o)
 .data          0x00000000000564f4        0x0 ../test_valid_bsp/\libhal_bsp.a(alt_lseek.o)
 .data          0x00000000000564f4        0x0 ../test_valid_bsp/\libhal_bsp.a(alt_main.o)
 .data          0x00000000000564f4        0x0 ../test_valid_bsp/\libhal_bsp.a(alt_malloc_lock.o)
 .data          0x00000000000564f4        0x0 ../test_valid_bsp/\libhal_bsp.a(alt_read.o)
 .data          0x00000000000564f4        0x0 ../test_valid_bsp/\libhal_bsp.a(alt_release_fd.o)
 .data          0x00000000000564f4        0x0 ../test_valid_bsp/\libhal_bsp.a(alt_sbrk.o)
 .data          0x00000000000564f4        0x0 ../test_valid_bsp/\libhal_bsp.a(alt_write.o)
 .data          0x00000000000564f4     0x1098 ../test_valid_bsp/\libhal_bsp.a(alt_sys_init.o)
 .data          0x000000000005758c        0x0 ../test_valid_bsp/\libhal_bsp.a(altera_avalon_i2c.o)
 .data          0x000000000005758c        0x0 ../test_valid_bsp/\libhal_bsp.a(altera_avalon_jtag_uart_fd.o)
 .data          0x000000000005758c        0x0 ../test_valid_bsp/\libhal_bsp.a(altera_avalon_jtag_uart_init.o)
 .data          0x000000000005758c        0x0 ../test_valid_bsp/\libhal_bsp.a(altera_avalon_jtag_uart_ioctl.o)
 .data          0x000000000005758c        0x0 ../test_valid_bsp/\libhal_bsp.a(altera_avalon_jtag_uart_read.o)
 .data          0x000000000005758c        0x0 ../test_valid_bsp/\libhal_bsp.a(altera_avalon_jtag_uart_write.o)
 .data          0x000000000005758c        0x0 ../test_valid_bsp/\libhal_bsp.a(altera_avalon_timer_sc.o)
 .data          0x000000000005758c        0x0 ../test_valid_bsp/\libhal_bsp.a(alt_alarm_start.o)
 .data          0x000000000005758c        0x0 ../test_valid_bsp/\libhal_bsp.a(alt_busy_sleep.o)
 .data          0x000000000005758c        0x0 ../test_valid_bsp/\libhal_bsp.a(alt_dcache_flush_all.o)
 .data          0x000000000005758c        0x0 ../test_valid_bsp/\libhal_bsp.a(alt_dev_llist_insert.o)
 .data          0x000000000005758c        0x0 ../test_valid_bsp/\libhal_bsp.a(alt_do_ctors.o)
 .data          0x000000000005758c        0x0 ../test_valid_bsp/\libhal_bsp.a(alt_do_dtors.o)
 .data          0x000000000005758c        0x0 ../test_valid_bsp/\libhal_bsp.a(alt_find_dev.o)
 .data          0x000000000005758c        0x0 ../test_valid_bsp/\libhal_bsp.a(alt_icache_flush_all.o)
 .data          0x000000000005758c        0x0 ../test_valid_bsp/\libhal_bsp.a(alt_iic.o)
 .data          0x000000000005758c        0x0 ../test_valid_bsp/\libhal_bsp.a(alt_iic_isr_register.o)
 .data          0x000000000005758c        0x0 ../test_valid_bsp/\libhal_bsp.a(alt_io_redirect.o)
 .data          0x000000000005758c        0x0 ../test_valid_bsp/\libhal_bsp.a(alt_irq_entry.o)
 .data          0x000000000005758c        0x0 ../test_valid_bsp/\libhal_bsp.a(alt_irq_handler.o)
 .data          0x000000000005758c        0x0 ../test_valid_bsp/\libhal_bsp.a(alt_irq_vars.o)
 .data          0x000000000005758c        0x0 ../test_valid_bsp/\libhal_bsp.a(alt_open.o)
 .data          0x000000000005758c        0x0 ../test_valid_bsp/\libhal_bsp.a(alt_printf.o)
 .data          0x000000000005758c        0x0 ../test_valid_bsp/\libhal_bsp.a(alt_putchar.o)
 .data          0x000000000005758c        0x0 ../test_valid_bsp/\libhal_bsp.a(alt_tick.o)
 .data          0x000000000005758c        0x0 ../test_valid_bsp/\libhal_bsp.a(altera_nios2_gen2_irq.o)
 .data          0x000000000005758c        0x0 ../test_valid_bsp/\libhal_bsp.a(alt_exception_entry.o)
 .data          0x000000000005758c        0x0 ../test_valid_bsp/\libhal_bsp.a(alt_find_file.o)
 .data          0x000000000005758c        0x0 ../test_valid_bsp/\libhal_bsp.a(alt_get_fd.o)
 .data          0x000000000005758c        0x0 ../test_valid_bsp/\libhal_bsp.a(alt_icache_flush.o)
 .data          0x000000000005758c        0x0 ../test_valid_bsp/\libhal_bsp.a(alt_instruction_exception_entry.o)
 .data          0x000000000005758c        0x0 d:/quartus18.1/nios2eds/bin/gnu/h-x86_64-mingw32/bin/../lib/gcc/nios2-elf/5.3.0/../../../../../H-x86_64-mingw32/nios2-elf/lib\libc.a(lib_a-atexit.o)
 .data          0x000000000005758c        0x0 d:/quartus18.1/nios2eds/bin/gnu/h-x86_64-mingw32/bin/../lib/gcc/nios2-elf/5.3.0/../../../../../H-x86_64-mingw32/nios2-elf/lib\libc.a(lib_a-exit.o)
 .data          0x000000000005758c        0x0 d:/quartus18.1/nios2eds/bin/gnu/h-x86_64-mingw32/bin/../lib/gcc/nios2-elf/5.3.0/../../../../../H-x86_64-mingw32/nios2-elf/lib\libc.a(lib_a-memcmp.o)
 .data          0x000000000005758c        0x0 d:/quartus18.1/nios2eds/bin/gnu/h-x86_64-mingw32/bin/../lib/gcc/nios2-elf/5.3.0/../../../../../H-x86_64-mingw32/nios2-elf/lib\libc.a(lib_a-__atexit.o)
 .data          0x000000000005758c        0x0 d:/quartus18.1/nios2eds/bin/gnu/h-x86_64-mingw32/bin/../lib/gcc/nios2-elf/5.3.0/../../../../../H-x86_64-mingw32/nios2-elf/lib\libc.a(lib_a-__call_atexit.o)
 .data          0x000000000005758c        0x0 ../test_valid_bsp/\libhal_bsp.a(alt_exit.o)
                0x000000000005f58c                _gp = ABSOLUTE ((. + 0x8000))
                [!provide]                        PROVIDE (gp, _gp)
 *(.rwdata .rwdata.*)
 *(.sdata .sdata.* .gnu.linkonce.s.*)
 .sdata.__fdlib_version
                0x000000000005758c        0x4 d:/quartus18.1/nios2eds/bin/gnu/h-x86_64-mingw32/bin/../lib/gcc/nios2-elf/5.3.0/../../../../../H-x86_64-mingw32/nios2-elf/lib\libm.a(lib_a-s_lib_ver.o)
                0x000000000005758c                __fdlib_version
 .sdata._global_impure_ptr
                0x0000000000057590        0x4 d:/quartus18.1/nios2eds/bin/gnu/h-x86_64-mingw32/bin/../lib/gcc/nios2-elf/5.3.0/../../../../../H-x86_64-mingw32/nios2-elf/lib\libc.a(lib_a-impure.o)
                0x0000000000057590                _global_impure_ptr
 .sdata._impure_ptr